[backblue.gif]
[fade.gif]
[index.html]
[bloximages.newyork1.vip.townnews.com/hngnews.com/content/tncms/live/global/resources/styles/_site/site7ec2.css]
[bloximages.newyork1.vip.townnews.com/hngnews.com/content/tncms/ads/tncms-ad-limitsadd4.js]
[www.hngnews.com/shared-content/tncms-ad-manager/ads.js]
[www.hngnews.com/shared-content/swfobject/swfobject.js]
[www.hngnews.com/content/tncms/live/global/resources/images/_site/sun.JPG]
[stats-newyork1.bloxcms.com/shared-content/stats/common/tracker.js]
[bloximages.newyork1.vip.townnews.com/hngnews.com/content/tncms/ads/leaderboard-top/leaderboard-top19da0.js]
[bloximages.newyork1.vip.townnews.com/hngnews.com/content/tncms/ads/leaderboard-top/leaderboard-top3f713.js]
[bloximages.newyork1.vip.townnews.com/hngnews.com/content/tncms/ads/leaderboard-top/leaderboard-top20860.js]
[bloximages.newyork1.vip.townnews.com/hngnews.com/content/tncms/ads/tile-top/tile-top13fb8.js]
[www.hngnews.com/content/tncms/live/editorial/editorial-core-base/resources/images/user_70.png]
[bloximages.newyork1.vip.townnews.com/hngnews.com/content/tncms/ads/weather-sponsor/weather-sponsor11cbf.js]
[bloximages.newyork1.vip.townnews.com/hngnews.com/content/tncms/ads/leaderboard-middle/leaderboard-middle10ac1.js]
[bloximages.newyork1.vip.townnews.com/hngnews.com/content/tncms/ads/pencil/pencil1b009.js]
[bloximages.newyork1.vip.townnews.com/hngnews.com/content/tncms/ads/in-story/in-story1ddc4.js]
[bloximages.newyork1.vip.townnews.com/hngnews.com/content/tncms/ads/in-story/in-story2ddc4.js]
[www.hngnews.com/sun_prairie_star/community/features/article_780ae942-c3ef-11e2-b29c-0019bb30f31a3511.html]
[www.hngnews.com/content/tncms/live/editorial/editorial-core-base/resources/images/no_avatar.png]
[www.hngnews.com/sun_prairie_star/community/features/article_780ae942-c3ef-11e2-b29c-0019bb30f31af84f.html]
[www.hngnews.com/sun_prairie_star/community/features/article_780ae942-c3ef-11e2-b29c-0019bb30f31a4433.html]
[www.hngnews.com/sun_prairie_star/community/features/article_780ae942-c3ef-11e2-b29c-0019bb30f31a1438.html]
[www.hngnews.com/sun_prairie_star/community/features/index.html]
[www.hngnews.com/sun_prairie_star/community/features/article_cdabe27e-c48b-11e2-854c-0019bb30f31a.html]
[www.hngnews.com/sun_prairie_star/community/features/article_41d525bc-c48b-11e2-a842-0019bb30f31a.html]
[www.hngnews.com/sun_prairie_star/community/features/article_e20a0b76-c489-11e2-9189-0019bb30f31a.html]
[bloximages.newyork1.vip.townnews.com/hngnews.com/content/tncms/ads/rail-top/rail-top1dd93.js]
[bloximages.newyork1.vip.townnews.com/hngnews.com/content/tncms/ads/rail-top/rail-top28e64.js]
[bloximages.newyork1.vip.townnews.com/hngnews.com/content/tncms/ads/rail-top/rail-top36dfd.js]
[bloximages.newyork1.vip.townnews.com/hngnews.com/content/tncms/ads/rail-middle-extra/rail-middle-extra1a2d5.js]
[bloximages.newyork1.vip.townnews.com/hngnews.com/content/tncms/ads/rail-middle-extra/rail-middle-extra2067b.js]
[www.hngnews.com/sun_prairie_star/community/features/article_adfde35c-c489-11e2-8a4e-0019bb30f31a.html]
[bloximages.newyork1.vip.townnews.com/hngnews.com/content/tncms/ads/rail-middle-extra/rail-middle-extra34ae1.js]
[bloximages.newyork1.vip.townnews.com/hngnews.com/content/tncms/ads/rail-middle-extra/rail-middle-extra44ae1.js]
[bloximages.newyork1.vip.townnews.com/hngnews.com/content/tncms/ads/rail-middle-extra/rail-middle-extra53358.js]
[bloximages.newyork1.vip.townnews.com/hngnews.com/content/tncms/ads/rail-middle-extra/rail-middle-extra63358.js]
[bloximages.newyork1.vip.townnews.com/hngnews.com/content/tncms/ads/rail-middle-extra/rail-middle-extra77d0e.js]
[bloximages.newyork1.vip.townnews.com/hngnews.com/content/tncms/ads/rail-middle-extra/rail-middle-extra87d0e.js]
[bloximages.newyork1.vip.townnews.com/hngnews.com/content/tncms/ads/rail-middle-extra/rail-middle-extra10067b.js]
[bloximages.newyork1.vip.townnews.com/hngnews.com/content/tncms/ads/rail-middle-extra/rail-middle-extra95365.js]
[affiliates.eblastengine.com/Javascript/Widgets1bce.js]
[bloximages.newyork1.vip.townnews.com/hngnews.com/content/tncms/ads/rail-bottom/rail-bottom16fea.js]
[bloximages.newyork1.vip.townnews.com/hngnews.com/content/tncms/ads/rail-bottom/rail-bottom26fea.js]
[bloximages.newyork1.vip.townnews.com/hngnews.com/content/tncms/ads/leaderboard-bottom/leaderboard-bottom1035d.js]
[bloximages.newyork1.vip.townnews.com/hngnews.com/content/tncms/ads/tile-bottom/tile-bottom1e9ed.js]
[bloximages.newyork1.vip.townnews.com/hngnews.com/content/tncms/ads/page-curl/page-curl1e892.js]
[www.hngnews.com/sun_prairie_star/community/features/article_780ae942-c3ef-11e2-b29c-0019bb30f31a.html]
[bloximages.newyork1.vip.townnews.com/hngnews.com/content/tncms/ads/tncms-ad-limitse424.js]
[bloximages.newyork1.vip.townnews.com/hngnews.com/content/tncms/ads/section-sponsor/section-sponsor13421.js]
[www.hngnews.com/sun_prairie_star/community/features/article_d10b0d62-c24e-11e2-a0e6-0019bb30f31a.html]
[www.hngnews.com/sun_prairie_star/community/features/article_8b2eb0c4-bd93-11e2-a444-001a4bcf6878.html]
[www.hngnews.com/sun_prairie_star/community/features/article_07a71430-bd93-11e2-a33f-001a4bcf6878.html]
[www.hngnews.com/sun_prairie_star/community/features/article_d1952662-bd91-11e2-8e06-001a4bcf6878.html]
[www.hngnews.com/sun_prairie_star/community/features/article_47439a1a-bd8d-11e2-90e0-001a4bcf6878.html]
[www.hngnews.com/sun_prairie_star/community/features/article_a65d8068-b8cb-11e2-87bf-001a4bcf6878.html]
[www.hngnews.com/sun_prairie_star/community/features/article_a7342a38-b8cf-11e2-a9e0-001a4bcf6878.html]
[www.hngnews.com/sun_prairie_star/community/features/article_d3f82308-b8cf-11e2-b23b-001a4bcf6878.html]
[www.hngnews.com/sun_prairie_star/community/features/article_20b833a2-b40e-11e2-a3c4-0019bb30f31a.html]
[www.hngnews.com/sun_prairie_star/community/features/article_f8b729f4-b33f-11e2-aea2-0019bb30f31a.html]
[www.hngnews.com/sun_prairie_star/community/features/article_3ba927a4-b33f-11e2-bec6-0019bb30f31a.html]
[www.hngnews.com/sun_prairie_star/community/features/article_07cbad48-b33b-11e2-ad2e-0019bb30f31a.html]
[www.hngnews.com/sun_prairie_star/community/features/article_7fa61460-ae87-11e2-ab8d-0019bb30f31a.html]
[www.hngnews.com/sun_prairie_star/community/features/article_0e4f9a98-ade2-11e2-94ea-0019bb30f31a.html]
[www.hngnews.com/sun_prairie_star/community/features/article_acb4c8fa-add0-11e2-90b1-001a4bcf6878.html]
[www.hngnews.com/sun_prairie_star/community/features/article_b673c088-adcd-11e2-8619-001a4bcf6878.html]
[www.hngnews.com/sun_prairie_star/community/features/article_6c935d0e-a91b-11e2-86c7-0019bb30f31a.html]
[www.hngnews.com/sun_prairie_star/community/features/article_ae52d18a-a91a-11e2-b5d7-0019bb30f31a.html]
[www.hngnews.com/sun_prairie_star/community/features/article_ff9059ca-a2dd-11e2-9ed1-0019bb30f31a.html]
[www.hngnews.com/sun_prairie_star/community/features/article_fa9316ae-a2d0-11e2-b5be-0019bb30f31a.html]
[www.hngnews.com/sun_prairie_star/community/features/article_e900194a-a204-11e2-9b79-0019bb30f31a.html]
[www.hngnews.com/sun_prairie_star/community/features/article_bffa0c88-a202-11e2-839c-0019bb30f31a.html]
[www.hngnews.com/sun_prairie_star/community/features/article_61eb8a6e-9d42-11e2-9a52-0019bb30f31a.html]
[www.hngnews.com/sun_prairie_star/community/features/article_4cb7fa6c-9d40-11e2-957f-0019bb30f31a.html]
[www.hngnews.com/sun_prairie_star/community/features/article_688c0fc2-9c90-11e2-955d-0019bb30f31a.html]
[www.hngnews.com/sun_prairie_star/community/features/article_3d31919a-9c8f-11e2-b1e0-0019bb30f31a.html]
[www.hngnews.com/sun_prairie_star/community/features/article_1b86c140-989e-11e2-af10-0019bb30f31a.html]
[www.hngnews.com/sun_prairie_star/community/features/article_ffcc2f96-97ba-11e2-8027-0019bb30f31a.html]
[www.hngnews.com/sun_prairie_star/community/features/article_7027a6fc-9726-11e2-8ec0-0019bb30f31a.html]
[www.hngnews.com/sun_prairie_star/community/features/article_34ee01cc-972a-11e2-b808-0019bb30f31a.html]
[www.hngnews.com/sun_prairie_star/community/features/article_17246ad4-933b-11e2-917d-0019bb30f31a.html]
[www.hngnews.com/sun_prairie_star/community/features/article_30d6a5cc-932d-11e2-b438-0019bb30f31a.html]
[www.hngnews.com/sun_prairie_star/community/features/article_30565944-926f-11e2-a058-0019bb30f31a.html]
[www.hngnews.com/sun_prairie_star/community/features/article_0c288508-8cc8-11e2-a92c-0019bb30f31a.html]
[www.hngnews.com/sun_prairie_star/community/features/article_d63f41c0-8cc7-11e2-8ef9-0019bb30f31a.html]
[www.hngnews.com/sun_prairie_star/community/features/article_6f8fc67e-8cc8-11e2-8b77-0019bb30f31a.html]
[www.hngnews.com/sun_prairie_star/community/features/article_21f6350e-8c11-11e2-b04b-0019bb30f31a.html]
[www.hngnews.com/sun_prairie_star/community/features/article_0b47cec0-86c7-11e2-9c1a-0019bb30f31a.html]
[www.hngnews.com/sun_prairie_star/community/features/article_fa9a0e54-876f-11e2-96eb-0019bb30f31a.html]
[www.hngnews.com/sun_prairie_star/community/features/article_6bb03af4-8767-11e2-b9c4-0019bb30f31a.html]
[www.hngnews.com/sun_prairie_star/community/features/article_71a6675e-81e9-11e2-885f-001a4bcf6878.html]
[www.hngnews.com/sun_prairie_star/community/features/article_8f9d4c76-81e1-11e2-a81d-001a4bcf6878.html]
[www.hngnews.com/sun_prairie_star/community/features/article_422b75ea-81cc-11e2-8b42-001a4bcf6878.html]
[www.hngnews.com/sun_prairie_star/community/features/index.html]
[www.hngnews.com/sun_prairie_star/community/features/article_780ae942-c3ef-11e2-b29c-0019bb30f31a1438.html]
[www.hngnews.com/sun_prairie_star/community/features/article_780ae942-c3ef-11e2-b29c-0019bb30f31af84f.html]
[www.hngnews.com/sun_prairie_star/community/features/article_780ae942-c3ef-11e2-b29c-0019bb30f31a3511.html]
[www.hngnews.com/sun_prairie_star/community/features/article_780ae942-c3ef-11e2-b29c-0019bb30f31a4433.html]
[www.hngnews.com/sun_prairie_star/community/features/article_cdabe27e-c48b-11e2-854c-0019bb30f31a.html]
[www.hngnews.com/sun_prairie_star/community/features/article_41d525bc-c48b-11e2-a842-0019bb30f31a.html]
[www.hngnews.com/sun_prairie_star/community/features/article_e20a0b76-c489-11e2-9189-0019bb30f31a.html]
[www.hngnews.com/sun_prairie_star/community/features/article_adfde35c-c489-11e2-8a4e-0019bb30f31a.html]
[www.hngnews.com/sun_prairie_star/community/features/article_d10b0d62-c24e-11e2-a0e6-0019bb30f31a.html]
[www.hngnews.com/sun_prairie_star/community/features/article_8b2eb0c4-bd93-11e2-a444-001a4bcf6878.html]
[www.hngnews.com/sun_prairie_star/community/features/article_07a71430-bd93-11e2-a33f-001a4bcf6878.html]
[www.hngnews.com/sun_prairie_star/community/features/article_d1952662-bd91-11e2-8e06-001a4bcf6878.html]
[www.hngnews.com/sun_prairie_star/community/features/article_47439a1a-bd8d-11e2-90e0-001a4bcf6878.html]
[www.hngnews.com/sun_prairie_star/community/features/article_a65d8068-b8cb-11e2-87bf-001a4bcf6878.html]
[www.hngnews.com/sun_prairie_star/community/features/article_a7342a38-b8cf-11e2-a9e0-001a4bcf6878.html]
[www.hngnews.com/sun_prairie_star/community/features/article_d3f82308-b8cf-11e2-b23b-001a4bcf6878.html]
[www.hngnews.com/sun_prairie_star/community/features/article_20b833a2-b40e-11e2-a3c4-0019bb30f31a.html]
[www.hngnews.com/sun_prairie_star/community/features/article_f8b729f4-b33f-11e2-aea2-0019bb30f31a.html]
[www.hngnews.com/sun_prairie_star/community/features/article_3ba927a4-b33f-11e2-bec6-0019bb30f31a.html]
[www.hngnews.com/sun_prairie_star/community/features/article_07cbad48-b33b-11e2-ad2e-0019bb30f31a.html]
[www.hngnews.com/sun_prairie_star/community/features/article_7fa61460-ae87-11e2-ab8d-0019bb30f31a.html]
[www.hngnews.com/sun_prairie_star/community/features/article_0e4f9a98-ade2-11e2-94ea-0019bb30f31a.html]
[www.hngnews.com/sun_prairie_star/community/features/article_acb4c8fa-add0-11e2-90b1-001a4bcf6878.html]
[www.hngnews.com/sun_prairie_star/community/features/article_b673c088-adcd-11e2-8619-001a4bcf6878.html]
[www.hngnews.com/sun_prairie_star/community/features/article_6c935d0e-a91b-11e2-86c7-0019bb30f31a.html]
[www.hngnews.com/sun_prairie_star/community/features/article_ae52d18a-a91a-11e2-b5d7-0019bb30f31a.html]
[www.hngnews.com/sun_prairie_star/community/features/article_ff9059ca-a2dd-11e2-9ed1-0019bb30f31a.html]
[www.hngnews.com/sun_prairie_star/community/features/article_fa9316ae-a2d0-11e2-b5be-0019bb30f31a.html]
[www.hngnews.com/sun_prairie_star/community/features/article_e900194a-a204-11e2-9b79-0019bb30f31a.html]
[www.hngnews.com/sun_prairie_star/community/features/article_bffa0c88-a202-11e2-839c-0019bb30f31a.html]
[www.hngnews.com/sun_prairie_star/community/features/article_61eb8a6e-9d42-11e2-9a52-0019bb30f31a.html]
[www.hngnews.com/sun_prairie_star/community/features/article_4cb7fa6c-9d40-11e2-957f-0019bb30f31a.html]
[www.hngnews.com/sun_prairie_star/community/features/article_688c0fc2-9c90-11e2-955d-0019bb30f31a.html]
[www.hngnews.com/sun_prairie_star/community/features/article_3d31919a-9c8f-11e2-b1e0-0019bb30f31a.html]
[www.hngnews.com/sun_prairie_star/community/features/article_1b86c140-989e-11e2-af10-0019bb30f31a.html]
[www.hngnews.com/sun_prairie_star/community/features/article_ffcc2f96-97ba-11e2-8027-0019bb30f31a.html]
[www.hngnews.com/sun_prairie_star/community/features/article_7027a6fc-9726-11e2-8ec0-0019bb30f31a.html]
[www.hngnews.com/sun_prairie_star/community/features/article_34ee01cc-972a-11e2-b808-0019bb30f31a.html]
[www.hngnews.com/sun_prairie_star/community/features/article_17246ad4-933b-11e2-917d-0019bb30f31a.html]
[www.hngnews.com/sun_prairie_star/community/features/article_30d6a5cc-932d-11e2-b438-0019bb30f31a.html]
[www.hngnews.com/sun_prairie_star/community/features/article_30565944-926f-11e2-a058-0019bb30f31a.html]
[www.hngnews.com/sun_prairie_star/community/features/article_0c288508-8cc8-11e2-a92c-0019bb30f31a.html]
[www.hngnews.com/sun_prairie_star/community/features/article_d63f41c0-8cc7-11e2-8ef9-0019bb30f31a.html]
[www.hngnews.com/sun_prairie_star/community/features/article_6f8fc67e-8cc8-11e2-8b77-0019bb30f31a.html]
[www.hngnews.com/sun_prairie_star/community/features/article_ca4a0b84-7d13-11e2-9f20-001a4bcf6878.html]
[www.hngnews.com/sun_prairie_star/community/features/article_21f6350e-8c11-11e2-b04b-0019bb30f31a.html]
[www.hngnews.com/sun_prairie_star/community/features/article_0b47cec0-86c7-11e2-9c1a-0019bb30f31a.html]
[www.hngnews.com/sun_prairie_star/community/features/article_fa9a0e54-876f-11e2-96eb-0019bb30f31a.html]
[www.hngnews.com/sun_prairie_star/community/features/article_6bb03af4-8767-11e2-b9c4-0019bb30f31a.html]
[www.hngnews.com/sun_prairie_star/community/features/article_71a6675e-81e9-11e2-885f-001a4bcf6878.html]
[www.hngnews.com/sun_prairie_star/community/features/article_8f9d4c76-81e1-11e2-a81d-001a4bcf6878.html]
[www.hngnews.com/sun_prairie_star/community/features/article_422b75ea-81cc-11e2-8b42-001a4bcf6878.html]
[www.hngnews.com/sun_prairie_star/community/features/article_ca4a0b84-7d13-11e2-9f20-001a4bcf6878.html]
[www.hngnews.com/sun_prairie_star/community/features/article_9e33bc78-7c48-11e2-b6a2-001a4bcf6878.html]
[www.hngnews.com/sun_prairie_star/community/features/article_04833594-7c44-11e2-a7a1-001a4bcf6878.html]
[www.hngnews.com/sun_prairie_star/community/features/article_3a22af32-7c43-11e2-a495-001a4bcf6878.html]
[www.hngnews.com/sun_prairie_star/community/features/article_8b72347e-7a1e-11e2-b7fa-001a4bcf6878.html]
[www.hngnews.com/sun_prairie_star/community/features/article_0a24fd9c-76eb-11e2-83a6-0019bb30f31a.html]
[www.hngnews.com/sun_prairie_star/community/features/article_cebf44d2-761e-11e2-bef2-0019bb30f31a.html]
[www.hngnews.com/sun_prairie_star/community/features/article_edd9a2fe-7218-11e2-81d7-001a4bcf6878.html]
[www.hngnews.com/sun_prairie_star/community/features/article_66bb5ba0-70b0-11e2-aca5-001a4bcf6878.html]
[www.hngnews.com/sun_prairie_star/community/features/article_0da89bfa-70af-11e2-aacf-001a4bcf6878.html]
[www.hngnews.com/sun_prairie_star/community/features/article_f2557fa4-6b12-11e2-8ec1-0019bb30f31a.html]
[www.hngnews.com/sun_prairie_star/community/features/article_780ae942-c3ef-11e2-b29c-0019bb30f31a650a.html]
[www.hngnews.com/sun_prairie_star/community/features/article_cdabe27e-c48b-11e2-854c-0019bb30f31a1438.html]
[www.hngnews.com/sun_prairie_star/community/features/article_cdabe27e-c48b-11e2-854c-0019bb30f31a3511.html]
[www.hngnews.com/sun_prairie_star/community/features/article_cdabe27e-c48b-11e2-854c-0019bb30f31a129c.html]
[hngnews.mycapture.com/mycapture/remoteimage3e47.html]
[www.hngnews.com/sun_prairie_star/community/features/image_f02fe6ba-c48b-11e2-95fa-0019bb30f31a.html]
[www.hngnews.com/sun_prairie_star/community/features/article_41d525bc-c48b-11e2-a842-0019bb30f31a1438.html]
[www.hngnews.com/sun_prairie_star/community/features/article_41d525bc-c48b-11e2-a842-0019bb30f31af84f.html]
[www.hngnews.com/sun_prairie_star/community/features/article_41d525bc-c48b-11e2-a842-0019bb30f31a3511.html]
[www.hngnews.com/sun_prairie_star/community/features/article_41d525bc-c48b-11e2-a842-0019bb30f31a4433.html]
[www.hngnews.com/sun_prairie_star/community/features/article_41d525bc-c48b-11e2-a842-0019bb30f31a650a.html]
[www.hngnews.com/sun_prairie_star/community/features/article_e20a0b76-c489-11e2-9189-0019bb30f31a1438.html]
[www.hngnews.com/sun_prairie_star/community/features/article_e20a0b76-c489-11e2-9189-0019bb30f31a3511.html]
[www.hngnews.com/sun_prairie_star/community/features/article_adfde35c-c489-11e2-8a4e-0019bb30f31a1438.html]
[www.hngnews.com/sun_prairie_star/community/features/article_adfde35c-c489-11e2-8a4e-0019bb30f31a3511.html]
[www.hngnews.com/sun_prairie_star/community/features/article_d10b0d62-c24e-11e2-a0e6-0019bb30f31a1438.html]
[www.hngnews.com/sun_prairie_star/community/features/article_d10b0d62-c24e-11e2-a0e6-0019bb30f31a3511.html]
[www.hngnews.com/sun_prairie_star/community/features/article_8b2eb0c4-bd93-11e2-a444-001a4bcf68781438.html]
[www.hngnews.com/sun_prairie_star/community/features/article_8b2eb0c4-bd93-11e2-a444-001a4bcf6878f84f.html]
[www.hngnews.com/sun_prairie_star/community/features/article_8b2eb0c4-bd93-11e2-a444-001a4bcf68783511.html]
[www.hngnews.com/sun_prairie_star/community/features/article_8b2eb0c4-bd93-11e2-a444-001a4bcf68784433.html]
[hngnews.mycapture.com/mycapture/remoteimage130b.html]
[www.hngnews.com/sun_prairie_star/community/features/article_8b2eb0c4-bd93-11e2-a444-001a4bcf6878650a.html]
[hngnews.mycapture.com/mycapture/remoteimage8a12.html]
[www.hngnews.com/sun_prairie_star/community/features/image_94cb105e-bd94-11e2-8359-001a4bcf6878.html]
[www.hngnews.com/sun_prairie_star/community/features/article_07a71430-bd93-11e2-a33f-001a4bcf68781438.html]
[www.hngnews.com/sun_prairie_star/community/features/article_07a71430-bd93-11e2-a33f-001a4bcf68783511.html]
[www.hngnews.com/sun_prairie_star/community/features/article_07a71430-bd93-11e2-a33f-001a4bcf6878129c.html]
[hngnews.mycapture.com/mycapture/remoteimage6c62.html]
[www.hngnews.com/sun_prairie_star/community/features/image_35c6fdb2-bd93-11e2-bdce-001a4bcf6878.html]
[www.hngnews.com/sun_prairie_star/community/features/article_d1952662-bd91-11e2-8e06-001a4bcf68781438.html]
[www.hngnews.com/sun_prairie_star/community/features/article_d1952662-bd91-11e2-8e06-001a4bcf68783511.html]
[www.hngnews.com/sun_prairie_star/community/features/article_47439a1a-bd8d-11e2-90e0-001a4bcf68781438.html]
[www.hngnews.com/sun_prairie_star/community/features/article_47439a1a-bd8d-11e2-90e0-001a4bcf68783511.html]
[www.hngnews.com/sun_prairie_star/community/features/article_47439a1a-bd8d-11e2-90e0-001a4bcf6878129c.html]
[www.hngnews.com/sun_prairie_star/community/features/article_a65d8068-b8cb-11e2-87bf-001a4bcf68781438.html]
[www.hngnews.com/sun_prairie_star/community/features/article_a65d8068-b8cb-11e2-87bf-001a4bcf68783511.html]
[www.hngnews.com/sun_prairie_star/community/features/article_a7342a38-b8cf-11e2-a9e0-001a4bcf68781438.html]
[www.hngnews.com/sun_prairie_star/community/features/article_a7342a38-b8cf-11e2-a9e0-001a4bcf68783511.html]
[www.hngnews.com/sun_prairie_star/community/features/article_d3f82308-b8cf-11e2-b23b-001a4bcf68781438.html]
[www.hngnews.com/sun_prairie_star/community/features/article_d3f82308-b8cf-11e2-b23b-001a4bcf68783511.html]
[www.hngnews.com/sun_prairie_star/community/features/article_20b833a2-b40e-11e2-a3c4-0019bb30f31a1438.html]
[www.hngnews.com/sun_prairie_star/community/features/article_20b833a2-b40e-11e2-a3c4-0019bb30f31a3511.html]
[www.hngnews.com/sun_prairie_star/community/features/article_f8b729f4-b33f-11e2-aea2-0019bb30f31a1438.html]
[www.hngnews.com/sun_prairie_star/community/features/article_f8b729f4-b33f-11e2-aea2-0019bb30f31a3511.html]
[www.hngnews.com/sun_prairie_star/community/features/article_3ba927a4-b33f-11e2-bec6-0019bb30f31a1438.html]
[www.hngnews.com/sun_prairie_star/community/features/article_3ba927a4-b33f-11e2-bec6-0019bb30f31af84f.html]
[www.hngnews.com/sun_prairie_star/community/features/article_3ba927a4-b33f-11e2-bec6-0019bb30f31a3511.html]
[www.hngnews.com/sun_prairie_star/community/features/article_3ba927a4-b33f-11e2-bec6-0019bb30f31a4433.html]
[hngnews.mycapture.com/mycapture/remoteimage3c1b.html]
[www.hngnews.com/sun_prairie_star/community/features/article_3ba927a4-b33f-11e2-bec6-0019bb30f31a650a.html]
[www.hngnews.com/sun_prairie_star/community/features/article_07cbad48-b33b-11e2-ad2e-0019bb30f31a1438.html]
[www.hngnews.com/sun_prairie_star/community/features/article_07cbad48-b33b-11e2-ad2e-0019bb30f31af84f.html]
[www.hngnews.com/sun_prairie_star/community/features/article_07cbad48-b33b-11e2-ad2e-0019bb30f31a3511.html]
[www.hngnews.com/sun_prairie_star/community/features/article_07cbad48-b33b-11e2-ad2e-0019bb30f31a4433.html]
[hngnews.mycapture.com/mycapture/remoteimage00b2.html]
[www.hngnews.com/sun_prairie_star/community/features/article_07cbad48-b33b-11e2-ad2e-0019bb30f31a650a.html]
[hngnews.mycapture.com/mycapture/remoteimagef2c7.html]
[www.hngnews.com/sun_prairie_star/community/features/article_7fa61460-ae87-11e2-ab8d-0019bb30f31a1438.html]
[www.hngnews.com/sun_prairie_star/community/features/article_7fa61460-ae87-11e2-ab8d-0019bb30f31a3511.html]
[www.hngnews.com/sun_prairie_star/community/features/article_7fa61460-ae87-11e2-ab8d-0019bb30f31a129c.html]
[hngnews.mycapture.com/mycapture/remoteimage1c78.html]
[www.hngnews.com/sun_prairie_star/community/features/article_0e4f9a98-ade2-11e2-94ea-0019bb30f31a1438.html]
[www.hngnews.com/sun_prairie_star/community/features/article_0e4f9a98-ade2-11e2-94ea-0019bb30f31af84f.html]
[www.hngnews.com/sun_prairie_star/community/features/article_0e4f9a98-ade2-11e2-94ea-0019bb30f31a3511.html]
[www.hngnews.com/sun_prairie_star/community/features/article_0e4f9a98-ade2-11e2-94ea-0019bb30f31a4433.html]
[hngnews.mycapture.com/mycapture/remoteimagee15f.html]
[www.hngnews.com/sun_prairie_star/community/features/article_0e4f9a98-ade2-11e2-94ea-0019bb30f31a650a.html]
[www.hngnews.com/sun_prairie_star/community/features/article_acb4c8fa-add0-11e2-90b1-001a4bcf68781438.html]
[www.hngnews.com/sun_prairie_star/community/features/article_acb4c8fa-add0-11e2-90b1-001a4bcf6878f84f.html]
[www.hngnews.com/sun_prairie_star/community/features/article_acb4c8fa-add0-11e2-90b1-001a4bcf68783511.html]
[www.hngnews.com/sun_prairie_star/community/features/article_acb4c8fa-add0-11e2-90b1-001a4bcf68784433.html]
[hngnews.mycapture.com/mycapture/remoteimage188b.html]
[www.hngnews.com/sun_prairie_star/community/features/article_acb4c8fa-add0-11e2-90b1-001a4bcf6878650a.html]
[www.hngnews.com/sun_prairie_star/community/features/article_b673c088-adcd-11e2-8619-001a4bcf68781438.html]
[www.hngnews.com/sun_prairie_star/community/features/article_b673c088-adcd-11e2-8619-001a4bcf6878f84f.html]
[www.hngnews.com/sun_prairie_star/community/features/article_b673c088-adcd-11e2-8619-001a4bcf68783511.html]
[www.hngnews.com/sun_prairie_star/community/features/article_b673c088-adcd-11e2-8619-001a4bcf68784433.html]
[hngnews.mycapture.com/mycapture/remoteimage0c33.html]
[www.hngnews.com/sun_prairie_star/community/features/article_b673c088-adcd-11e2-8619-001a4bcf6878650a.html]
[www.hngnews.com/sun_prairie_star/community/features/article_6c935d0e-a91b-11e2-86c7-0019bb30f31a1438.html]
[www.hngnews.com/sun_prairie_star/community/features/article_6c935d0e-a91b-11e2-86c7-0019bb30f31a3511.html]
[www.hngnews.com/sun_prairie_star/community/features/article_ae52d18a-a91a-11e2-b5d7-0019bb30f31a1438.html]
[www.hngnews.com/sun_prairie_star/community/features/article_ae52d18a-a91a-11e2-b5d7-0019bb30f31a3511.html]
[www.hngnews.com/sun_prairie_star/community/features/article_ae52d18a-a91a-11e2-b5d7-0019bb30f31a129c.html]
[hngnews.mycapture.com/mycapture/remoteimage03e7.html]
[www.hngnews.com/sun_prairie_star/community/features/article_ff9059ca-a2dd-11e2-9ed1-0019bb30f31a1438.html]
[www.hngnews.com/sun_prairie_star/community/features/article_ff9059ca-a2dd-11e2-9ed1-0019bb30f31a3511.html]
[www.hngnews.com/sun_prairie_star/community/features/article_fa9316ae-a2d0-11e2-b5be-0019bb30f31a1438.html]
[www.hngnews.com/sun_prairie_star/community/features/article_fa9316ae-a2d0-11e2-b5be-0019bb30f31a3511.html]
[www.hngnews.com/sun_prairie_star/community/features/article_fa9316ae-a2d0-11e2-b5be-0019bb30f31a129c.html]
[www.hngnews.com/sun_prairie_star/community/features/article_e900194a-a204-11e2-9b79-0019bb30f31a1438.html]
[www.hngnews.com/sun_prairie_star/community/features/article_e900194a-a204-11e2-9b79-0019bb30f31a3511.html]
[www.hngnews.com/sun_prairie_star/community/features/article_e900194a-a204-11e2-9b79-0019bb30f31a129c.html]
[hngnews.mycapture.com/mycapture/remoteimageae51.html]
[www.hngnews.com/sun_prairie_star/community/features/article_bffa0c88-a202-11e2-839c-0019bb30f31a1438.html]
[www.hngnews.com/sun_prairie_star/community/features/article_bffa0c88-a202-11e2-839c-0019bb30f31af84f.html]
[www.hngnews.com/sun_prairie_star/community/features/article_bffa0c88-a202-11e2-839c-0019bb30f31a3511.html]
[www.hngnews.com/sun_prairie_star/community/features/article_bffa0c88-a202-11e2-839c-0019bb30f31a4433.html]
[www.hngnews.com/sun_prairie_star/community/features/article_bffa0c88-a202-11e2-839c-0019bb30f31a650a.html]
[hngnews.mycapture.com/mycapture/remoteimagec7b1.html]
[www.hngnews.com/sun_prairie_star/community/features/article_61eb8a6e-9d42-11e2-9a52-0019bb30f31a1438.html]
[www.hngnews.com/sun_prairie_star/community/features/article_61eb8a6e-9d42-11e2-9a52-0019bb30f31a3511.html]
[www.hngnews.com/sun_prairie_star/community/features/article_4cb7fa6c-9d40-11e2-957f-0019bb30f31a1438.html]
[www.hngnews.com/sun_prairie_star/community/features/article_4cb7fa6c-9d40-11e2-957f-0019bb30f31a3511.html]
[www.hngnews.com/sun_prairie_star/community/features/article_4cb7fa6c-9d40-11e2-957f-0019bb30f31a129c.html]
[hngnews.mycapture.com/mycapture/remoteimage3687.html]
[www.hngnews.com/sun_prairie_star/community/features/article_688c0fc2-9c90-11e2-955d-0019bb30f31a1438.html]
[www.hngnews.com/sun_prairie_star/community/features/article_688c0fc2-9c90-11e2-955d-0019bb30f31a3511.html]
[www.hngnews.com/sun_prairie_star/community/features/article_688c0fc2-9c90-11e2-955d-0019bb30f31a129c.html]
[www.hngnews.com/sun_prairie_star/community/features/article_3d31919a-9c8f-11e2-b1e0-0019bb30f31a1438.html]
[www.hngnews.com/sun_prairie_star/community/features/article_3d31919a-9c8f-11e2-b1e0-0019bb30f31a3511.html]
[www.hngnews.com/sun_prairie_star/community/features/article_3d31919a-9c8f-11e2-b1e0-0019bb30f31a129c.html]
[www.hngnews.com/sun_prairie_star/community/features/article_1b86c140-989e-11e2-af10-0019bb30f31a1438.html]
[www.hngnews.com/sun_prairie_star/community/features/article_1b86c140-989e-11e2-af10-0019bb30f31a3511.html]
[www.hngnews.com/sun_prairie_star/community/features/article_ffcc2f96-97ba-11e2-8027-0019bb30f31a1438.html]
[www.hngnews.com/sun_prairie_star/community/features/article_ffcc2f96-97ba-11e2-8027-0019bb30f31a3511.html]
[www.hngnews.com/sun_prairie_star/community/features/article_ffcc2f96-97ba-11e2-8027-0019bb30f31a129c.html]
[hngnews.mycapture.com/mycapture/remoteimage1b46.html]
[www.hngnews.com/sun_prairie_star/community/features/article_7027a6fc-9726-11e2-8ec0-0019bb30f31a1438.html]
[www.hngnews.com/sun_prairie_star/community/features/article_7027a6fc-9726-11e2-8ec0-0019bb30f31a3511.html]
[www.hngnews.com/sun_prairie_star/community/features/article_7027a6fc-9726-11e2-8ec0-0019bb30f31a129c.html]
[hngnews.mycapture.com/mycapture/remoteimage39e8.html]
[www.hngnews.com/sun_prairie_star/community/features/article_34ee01cc-972a-11e2-b808-0019bb30f31a1438.html]
[www.hngnews.com/sun_prairie_star/community/features/article_34ee01cc-972a-11e2-b808-0019bb30f31a3511.html]
[www.hngnews.com/sun_prairie_star/community/features/article_34ee01cc-972a-11e2-b808-0019bb30f31a129c.html]
[hngnews.mycapture.com/mycapture/remoteimage83f4.html]
[www.hngnews.com/sun_prairie_star/community/features/image_688fe95a-972a-11e2-8d8f-0019bb30f31a.html]
[www.hngnews.com/sun_prairie_star/community/features/article_17246ad4-933b-11e2-917d-0019bb30f31a1438.html]
[www.hngnews.com/sun_prairie_star/community/features/article_17246ad4-933b-11e2-917d-0019bb30f31a3511.html]
[www.hngnews.com/sun_prairie_star/community/features/article_30d6a5cc-932d-11e2-b438-0019bb30f31a1438.html]
[www.hngnews.com/sun_prairie_star/community/features/article_30d6a5cc-932d-11e2-b438-0019bb30f31a3511.html]
[www.hngnews.com/sun_prairie_star/community/features/article_30d6a5cc-932d-11e2-b438-0019bb30f31a129c.html]
[www.hngnews.com/sun_prairie_star/community/features/article_30565944-926f-11e2-a058-0019bb30f31a1438.html]
[www.hngnews.com/sun_prairie_star/community/features/article_30565944-926f-11e2-a058-0019bb30f31a3511.html]
[www.hngnews.com/sun_prairie_star/community/features/article_0c288508-8cc8-11e2-a92c-0019bb30f31a1438.html]
[www.hngnews.com/sun_prairie_star/community/features/article_0c288508-8cc8-11e2-a92c-0019bb30f31a3511.html]
[www.hngnews.com/sun_prairie_star/community/features/article_d63f41c0-8cc7-11e2-8ef9-0019bb30f31a1438.html]
[www.hngnews.com/sun_prairie_star/community/features/article_d63f41c0-8cc7-11e2-8ef9-0019bb30f31a3511.html]
[www.hngnews.com/sun_prairie_star/community/features/article_6f8fc67e-8cc8-11e2-8b77-0019bb30f31a1438.html]
[www.hngnews.com/sun_prairie_star/community/features/article_6f8fc67e-8cc8-11e2-8b77-0019bb30f31a3511.html]
[www.hngnews.com/sun_prairie_star/community/features/article_6f8fc67e-8cc8-11e2-8b77-0019bb30f31a129c.html]
[hngnews.mycapture.com/mycapture/remoteimageff11.html]
[www.hngnews.com/sun_prairie_star/community/features/article_21f6350e-8c11-11e2-b04b-0019bb30f31a1438.html]
[www.hngnews.com/sun_prairie_star/community/features/article_21f6350e-8c11-11e2-b04b-0019bb30f31a3511.html]
[www.hngnews.com/sun_prairie_star/community/features/article_21f6350e-8c11-11e2-b04b-0019bb30f31a129c.html]
[www.hngnews.com/sun_prairie_star/community/features/article_0b47cec0-86c7-11e2-9c1a-0019bb30f31a1438.html]
[www.hngnews.com/sun_prairie_star/community/features/article_0b47cec0-86c7-11e2-9c1a-0019bb30f31a3511.html]
[www.hngnews.com/sun_prairie_star/community/features/article_0b47cec0-86c7-11e2-9c1a-0019bb30f31a129c.html]
[hngnews.mycapture.com/mycapture/remoteimage16d5.html]
[www.hngnews.com/sun_prairie_star/community/features/collection_92b23e6e-9341-11e2-81cc-0019bb30f31a.html]
[www.hngnews.com/sun_prairie_star/community/features/article_fa9a0e54-876f-11e2-96eb-0019bb30f31a1438.html]
[www.hngnews.com/sun_prairie_star/community/features/article_fa9a0e54-876f-11e2-96eb-0019bb30f31a3511.html]
[www.hngnews.com/sun_prairie_star/community/features/article_6bb03af4-8767-11e2-b9c4-0019bb30f31a1438.html]
[www.hngnews.com/sun_prairie_star/community/features/article_6bb03af4-8767-11e2-b9c4-0019bb30f31a3511.html]
[www.hngnews.com/sun_prairie_star/community/features/article_6bb03af4-8767-11e2-b9c4-0019bb30f31a129c.html]
[hngnews.mycapture.com/mycapture/remoteimage3f73.html]
[www.hngnews.com/sun_prairie_star/community/features/article_71a6675e-81e9-11e2-885f-001a4bcf68781438.html]
[www.hngnews.com/sun_prairie_star/community/features/article_71a6675e-81e9-11e2-885f-001a4bcf68783511.html]
[www.hngnews.com/sun_prairie_star/community/features/article_71a6675e-81e9-11e2-885f-001a4bcf6878129c.html]
[hngnews.mycapture.com/mycapture/remoteimage94b3.html]
[www.hngnews.com/sun_prairie_star/community/features/article_8f9d4c76-81e1-11e2-a81d-001a4bcf68781438.html]
[www.hngnews.com/sun_prairie_star/community/features/article_8f9d4c76-81e1-11e2-a81d-001a4bcf68783511.html]
[www.hngnews.com/sun_prairie_star/community/features/article_8f9d4c76-81e1-11e2-a81d-001a4bcf6878129c.html]
[hngnews.mycapture.com/mycapture/remoteimage6024.html]
[www.hngnews.com/sun_prairie_star/community/features/article_422b75ea-81cc-11e2-8b42-001a4bcf68781438.html]
[www.hngnews.com/sun_prairie_star/community/features/article_422b75ea-81cc-11e2-8b42-001a4bcf6878f84f.html]
[www.hngnews.com/sun_prairie_star/community/features/article_422b75ea-81cc-11e2-8b42-001a4bcf68783511.html]
[www.hngnews.com/sun_prairie_star/community/features/article_422b75ea-81cc-11e2-8b42-001a4bcf68784433.html]
[hngnews.mycapture.com/mycapture/remoteimage9c09.html]
[www.hngnews.com/sun_prairie_star/community/features/article_422b75ea-81cc-11e2-8b42-001a4bcf6878650a.html]
[www.hngnews.com/sun_prairie_star/community/features/article_ca4a0b84-7d13-11e2-9f20-001a4bcf68781438.html]
[www.hngnews.com/sun_prairie_star/community/features/article_ca4a0b84-7d13-11e2-9f20-001a4bcf68783511.html]
[bloximages.newyork1.vip.townnews.com/hngnews.com/content/tncms/live/components/core_external_jquer/jquery-ui-default.min.0]
[bloximages.newyork1.vip.townnews.com/hngnews.com/content/tncms/assets/v3/editorial/8/f9/8f9aa146-c/519e8bd752855.image.1.d]
[bloximages.newyork1.vip.townnews.com/hngnews.com/content/tncms/live/global/resources/styles/_navigat/dropdown.281c9.delaye]
[bloximages.newyork1.vip.townnews.com/hngnews.com/content/tncms/live/global/resources/styles/_navig/dropdown.vertical.381c9]
[bloximages.newyork1.vip.townnews.com/hngnews.com/content/tncms/live/global/resources/styles/_navigati/default.481c9.delaye]
[bloximages.newyork1.vip.townnews.com/hngnews.com/content/tncms/live/components/core_base_library/r/styles.min.513d2.delaye]
[bloximages.newyork1.vip.townnews.com/hngnews.com/content/tncms/live/components/core_theme_palette/r/_switcher.65d21.delaye]
[bloximages.newyork1.vip.townnews.com/hngnews.com/content/tncms/live/components/core_theme_glow/resources/glow.7f41f.delaye]
[bloximages.newyork1.vip.townnews.com/hngnews.com/content/tncms/live/global/resources/styles/_site/site7ec2.css]
[bloximages.newyork1.vip.townnews.com/hngnews.com/content/tncms/live/components/core_social_share/r/social_share.min.9d8a1.]
[bloximages.newyork1.vip.townnews.com/hngnews.com/content/tncms/live/components/core_commenting/res/commenting.aa1df.delaye]
[bloximages.newyork1.vip.townnews.com/hngnews.com/content/tncms/live/components/core_advertising/resources/ads.b666a.delaye]
[bloximages.newyork1.vip.townnews.com/hngnews.com/content/tncms/live/components/core_advertising/re/ads_demo.min.c666a.dela]
[bloximages.newyork1.vip.townnews.com/hngnews.com/content/tncms/live/components/core_external_jquer/jquery.min.db4ef.delaye]
[bloximages.newyork1.vip.townnews.com/hngnews.com/content/tncms/live/components/core_external_jquer/jquery-ui.min.e47b3.del]
[bloximages.newyork1.vip.townnews.com/hngnews.com/content/tncms/live/components/core_yepnope/resour/yepnope.min.f85dd.delay]
[bloximages.newyork1.vip.townnews.com/hngnews.com/content/tncms/live/components/core_base_library/resour/user.1013d2.delaye]
[bloximages.newyork1.vip.townnews.com/hngnews.com/content/tncms/live/components/core_external_jquer/jquery.cookie.11b985.de]
[bloximages.newyork1.vip.townnews.com/hngnews.com/content/tncms/live/components/core_external_flowp/flowplayer-3.2.6.min.12]
[bloximages.newyork1.vip.townnews.com/hngnews.com/content/tncms/live/components/core_external_flowp/flowplayer.playlist-3.0]
[bloximages.newyork1.vip.townnews.com/hngnews.com/content/tncms/ads/tncms-ad-limitsadd4.js]
[www.hngnews.com/shared-content/tncms-ad-manager/ads.js]
[www.hngnews.com/shared-content/swfobject/swfobject.js]
[bloximages.newyork1.vip.townnews.com/hngnews.com/content/tncms/live/components/core_external_jquer/jquery.frame.17b985.del]
[bloximages.newyork1.vip.townnews.com/hngnews.com/content/tncms/live/components/core_commenting/res/commenting.18a1df.delay]
[bloximages.newyork1.vip.townnews.com/hngnews.com/content/tncms/live/components/core_commenting/res/emoticons.19a1df.delaye]
[bloximages.newyork1.vip.townnews.com/hngnews.com/content/tncms/live/components/core_commenting/resourc/reply.1aa1df.delaye]
[bloximages.newyork1.vip.townnews.com/hngnews.com/content/tncms/live/components/core_advertising/re/ads_expandable.1b666a.d]
[bloximages.newyork1.vip.townnews.com/hngnews.com/content/tncms/live/components/core_advertising/re/ads_page_curl.1c666a.de]
[bloximages.newyork1.vip.townnews.com/hngnews.com/content/tncms/live/components/core_advertising/res/ads_text.1d666a.delaye]
[www.hngnews.com/content/tncms/live/global/resources/styles/ff2.css]
[stats-newyork1.bloxcms.com/shared-content/stats/common/tracker.js]
[bloximages.newyork1.vip.townnews.com/hngnews.com/content/tncms/ads/leaderboard-top/leaderboard-top19da0.js]
[bloximages.newyork1.vip.townnews.com/hngnews.com/content/tncms/ads/leaderboard-top/leaderboard-top20860.js]
[bloximages.newyork1.vip.townnews.com/hngnews.com/content/tncms/ads/leaderboard-top/leaderboard-top3f713.js]
[bloximages.newyork1.vip.townnews.com/hngnews.com/content/tncms/ads/tile-top/tile-top13fb8.js]
[bloximages.newyork1.vip.townnews.com/hngnews.com/content/tncms/live/components/core_external_jquer/place_holder.25b985.del]
[bloximages.newyork1.vip.townnews.com/hngnews.com/content/tncms/ads/weather-sponsor/weather-sponsor11cbf.js]
[bloximages.newyork1.vip.townnews.com/hngnews.com/content/tncms/live/components/core_weather/resources/imag/2.28ab24.delaye]
[bloximages.newyork1.vip.townnews.com/hngnews.com/content/tncms/ads/leaderboard-middle/leaderboard-middle10ac1.js]
[bloximages.newyork1.vip.townnews.com/hngnews.com/content/tncms/ads/pencil/pencil1b009.js]
[bloximages.newyork1.vip.townnews.com/hngnews.com/content/tncms/assets/v3/editorial/8/f9/8f9aa146-c/519e8bdad8f10.preview-3]
[bloximages.newyork1.vip.townnews.com/hngnews.com/content/tncms/assets/v3/editorial/d/77/d770e50c-c/519e8c3bb60a1.preview-3]
[bloximages.newyork1.vip.townnews.com/hngnews.com/content/tncms/ads/in-story/in-story1ddc4.js]
[bloximages.newyork1.vip.townnews.com/hngnews.com/content/tncms/ads/in-story/in-story2ddc4.js]
[www.hngnews.com/sun_prairie_star/community/features/article_cdabe27e-c48b-11e2-854c-0019bb30f31a.html]
[bloximages.newyork1.vip.townnews.com/hngnews.com/content/tncms/ads/rail-top/rail-top1dd93.js]
[bloximages.newyork1.vip.townnews.com/hngnews.com/content/tncms/ads/rail-top/rail-top28e64.js]
[bloximages.newyork1.vip.townnews.com/hngnews.com/content/tncms/ads/rail-top/rail-top36dfd.js]
[bloximages.newyork1.vip.townnews.com/hngnews.com/content/tncms/assets/v3/business/6/2a/62a180fb-b8/51488c490562f.preview-2]
[bloximages.newyork1.vip.townnews.com/hngnews.com/content/tncms/assets/v3/business/7/ea/7eae6d19-68/508ef8697f793.preview-2]
[bloximages.newyork1.vip.townnews.com/hngnews.com/content/tncms/assets/v3/business/b/51/b512929d-77/508f255643e9c.preview-2]
[bloximages.newyork1.vip.townnews.com/hngnews.com/content/tncms/assets/v3/business/c/1b/c1b33ba8-79/512cf25fa3ec3.preview-2]
[bloximages.newyork1.vip.townnews.com/hngnews.com/content/tncms/assets/v3/business/9/1e/91e1b741-e9/5147790f154b8.preview-2]
[bloximages.newyork1.vip.townnews.com/hngnews.com/content/tncms/assets/v3/business/5/be/5bed74d3-d5/51477df73f36b.preview-2]
[bloximages.newyork1.vip.townnews.com/hngnews.com/content/tncms/assets/v3/business/8/5f/85f828c7-b5/513621f3e5580.preview-2]
[bloximages.newyork1.vip.townnews.com/hngnews.com/content/tncms/assets/v3/business/6/62/662bfced-79/513a374687b6d.preview-2]
[bloximages.newyork1.vip.townnews.com/hngnews.com/content/tncms/assets/v3/business/e/48/e48cadfa-9d/508efb1d35ef4.preview-2]
[bloximages.newyork1.vip.townnews.com/hngnews.com/content/tncms/assets/v3/business/0/25/02579a1a-4c/51363252d973b.preview-2]
[bloximages.newyork1.vip.townnews.com/hngnews.com/content/tncms/assets/v3/business/a/3e/a3ee30f0-8c/51363f7b04490.preview-2]
[bloximages.newyork1.vip.townnews.com/hngnews.com/content/tncms/assets/v3/business/6/c1/6c11fe8b-72/514770de247d3.preview-2]
[bloximages.newyork1.vip.townnews.com/hngnews.com/content/tncms/assets/v3/business/8/08/808c0a80-1f/51364b2566284.preview-2]
[bloximages.newyork1.vip.townnews.com/hngnews.com/content/tncms/assets/v3/business/1/38/13875161-7e/51377fd8ed789.preview-2]
[bloximages.newyork1.vip.townnews.com/hngnews.com/content/tncms/assets/v3/business/9/d3/9d3aaa2c-8d/514772bcd88c9.preview-2]
[bloximages.newyork1.vip.townnews.com/hngnews.com/content/tncms/assets/v3/business/e/4d/e4d29b56-cf/51364afb258f8.preview-2]
[bloximages.newyork1.vip.townnews.com/hngnews.com/content/tncms/assets/v3/business/c/b8/cb8f85ee-3a/51376fb9d7849.preview-2]
[bloximages.newyork1.vip.townnews.com/hngnews.com/content/tncms/assets/v3/business/1/f5/1f5668dc-14/5147844e59dac.preview-2]
[bloximages.newyork1.vip.townnews.com/hngnews.com/content/tncms/assets/v3/business/2/fc/2fceed42-ed/51477641c699e.preview-2]
[bloximages.newyork1.vip.townnews.com/hngnews.com/content/tncms/assets/v3/business/1/51/1514db99-44/513a42640158f.preview-2]
[bloximages.newyork1.vip.townnews.com/hngnews.com/content/tncms/assets/v3/business/0/ff/0ff4d982-62/513a26b6683df.preview-2]
[bloximages.newyork1.vip.townnews.com/hngnews.com/content/tncms/assets/v3/business/1/47/147ca38e-25/51362c5d3ea66.preview-2]
[bloximages.newyork1.vip.townnews.com/hngnews.com/content/tncms/assets/v3/business/d/df/ddf4bc72-69/513a3f279aa93.preview-2]
[bloximages.newyork1.vip.townnews.com/hngnews.com/content/tncms/assets/v3/business/2/d1/2d13cf5a-80/519f96984666f.image.4e.]
[bloximages.newyork1.vip.townnews.com/hngnews.com/content/tncms/assets/v3/business/d/f8/df8d0d4a-4b/50f6eeb065fb2.preview-2]
[bloximages.newyork1.vip.townnews.com/hngnews.com/content/tncms/assets/v3/business/5/72/572c6786-ba/51361bfcb893e.preview-2]
[bloximages.newyork1.vip.townnews.com/hngnews.com/content/tncms/assets/v3/business/c/2a/c2a55343-18/513619445adb5.preview-2]
[bloximages.newyork1.vip.townnews.com/hngnews.com/content/tncms/assets/v3/business/5/3b/53bbfd8c-18/515ddfeb9d2f6.preview-2]
[bloximages.newyork1.vip.townnews.com/hngnews.com/content/tncms/assets/v3/business/5/30/530d232d-fb/51433e68a6a78.preview-2]
[bloximages.newyork1.vip.townnews.com/hngnews.com/content/tncms/assets/v3/business/d/ad/dadc6878-21/513a14e4dd278.preview-2]
[bloximages.newyork1.vip.townnews.com/hngnews.com/content/tncms/assets/v3/business/d/af/daf2c8d0-17/51433e876a68b.preview-2]
[bloximages.newyork1.vip.townnews.com/hngnews.com/content/tncms/assets/v3/business/e/8e/e8e464ec-97/513a0d6fd7ecb.preview-2]
[bloximages.newyork1.vip.townnews.com/hngnews.com/content/tncms/assets/v3/business/8/3c/83c08135-68/5148899b7bb47.preview-2]
[bloximages.newyork1.vip.townnews.com/hngnews.com/content/tncms/assets/v3/business/1/0c/10c1e451-f7/513a15f6eb9dd.preview-2]
[bloximages.newyork1.vip.townnews.com/hngnews.com/content/tncms/assets/v3/business/d/93/d9338fb0-8c/508f2948c787b.preview-2]
[bloximages.newyork1.vip.townnews.com/hngnews.com/content/tncms/assets/v3/business/2/fb/2fba16c4-c0/51376d537e3fc.preview-2]
[bloximages.newyork1.vip.townnews.com/hngnews.com/content/tncms/assets/v3/business/b/f6/bf68e6da-36/513a121fe23b0.preview-2]
[bloximages.newyork1.vip.townnews.com/hngnews.com/content/tncms/ads/rail-middle-extra/rail-middle-extra1a2d5.js]
[bloximages.newyork1.vip.townnews.com/hngnews.com/content/tncms/ads/rail-middle-extra/rail-middle-extra2067b.js]
[bloximages.newyork1.vip.townnews.com/hngnews.com/content/tncms/ads/rail-middle-extra/rail-middle-extra34ae1.js]
[bloximages.newyork1.vip.townnews.com/hngnews.com/content/tncms/ads/rail-middle-extra/rail-middle-extra44ae1.js]
[bloximages.newyork1.vip.townnews.com/hngnews.com/content/tncms/ads/rail-middle-extra/rail-middle-extra53358.js]
[bloximages.newyork1.vip.townnews.com/hngnews.com/content/tncms/ads/rail-middle-extra/rail-middle-extra63358.js]
[bloximages.newyork1.vip.townnews.com/hngnews.com/content/tncms/ads/rail-middle-extra/rail-middle-extra77d0e.js]
[bloximages.newyork1.vip.townnews.com/hngnews.com/content/tncms/ads/rail-middle-extra/rail-middle-extra87d0e.js]
[bloximages.newyork1.vip.townnews.com/hngnews.com/content/tncms/ads/rail-middle-extra/rail-middle-extra95365.js]
[bloximages.newyork1.vip.townnews.com/hngnews.com/content/tncms/ads/rail-middle-extra/rail-middle-extra10067b.js]
[bloximages.newyork1.vip.townnews.com/hngnews.com/content/tncms/ads/rail-middle-extra-secondary/rail-middle-extra-secondary]
[affiliates.eblastengine.com/Javascript/Widgets1bce.js]
[bloximages.newyork1.vip.townnews.com/hngnews.com/content/tncms/ads/rail-bottom/rail-bottom16fea.js]
[bloximages.newyork1.vip.townnews.com/hngnews.com/content/tncms/ads/rail-bottom/rail-bottom26fea.js]
[bloximages.newyork1.vip.townnews.com/hngnews.com/content/tncms/ads/rail-bottom-secondary/rail-bottom-secondary1.6b2e45.del]
[bloximages.newyork1.vip.townnews.com/hngnews.com/content/tncms/ads/leaderboard-bottom/leaderboard-bottom1035d.js]
[bloximages.newyork1.vip.townnews.com/hngnews.com/content/tncms/ads/tile-bottom/tile-bottom1e9ed.js]
[bloximages.newyork1.vip.townnews.com/hngnews.com/content/tncms/ads/page-curl/page-curl1e892.js]
[bloximages.newyork1.vip.townnews.com/hngnews.com/content/tncms/live/components/core_internal_jquer/internal.common.min.6fb]
[bloximages.newyork1.vip.townnews.com/hngnews.com/content/tncms/live/components/core_external_jquer/external.common.min.70b]
[bloximages.newyork1.vip.townnews.com/hngnews.com/content/tncms/ads/tncms-ad-limitse424.js]
[bloximages.newyork1.vip.townnews.com/hngnews.com/content/tncms/live/components/core_services_manager/tracker.72666a.delaye]
[bloximages.newyork1.vip.townnews.com/hngnews.com/content/tncms/ads/section-sponsor/section-sponsor13421.js]
[bloximages.newyork1.vip.townnews.com/hngnews.com/content/tncms/assets/v3/editorial/a/f1/af11293c-b/5193d4c3ec8fd.preview-1]
[bloximages.newyork1.vip.townnews.com/hngnews.com/content/tncms/assets/v3/editorial/5/a7/5a73737e-b/51828a89a5290.preview-1]
[bloximages.newyork1.vip.townnews.com/hngnews.com/content/tncms/assets/v3/editorial/8/ed/8eddea28-b/5182894d6d9c3.preview-1]
[bloximages.newyork1.vip.townnews.com/hngnews.com/content/tncms/assets/v3/editorial/c/e4/ce47a68c-a/517aa22cc652d.preview-1]
[bloximages.newyork1.vip.townnews.com/hngnews.com/content/tncms/assets/v3/editorial/6/99/69957fbc-a/51798b2e7cbfb.preview-1]
[bloximages.newyork1.vip.townnews.com/hngnews.com/content/tncms/assets/v3/editorial/0/08/00891aa8-a/51796e3d2f4f7.preview-1]
[bloximages.newyork1.vip.townnews.com/hngnews.com/content/tncms/assets/v3/editorial/f/c1/fc1bec28-a/5179694d59dbf.preview-1]
[bloximages.newyork1.vip.townnews.com/hngnews.com/content/tncms/assets/v3/editorial/d/f9/df914010-a/51718653c1d88.preview-1]
[bloximages.newyork1.vip.townnews.com/hngnews.com/content/tncms/assets/v3/editorial/8/50/850c7ffa-a/5166fab505efd.preview-1]
[bloximages.newyork1.vip.townnews.com/hngnews.com/content/tncms/assets/v3/editorial/3/6b/36bb6afe-a/5165a3702b94d.preview-1]
[bloximages.newyork1.vip.townnews.com/hngnews.com/content/tncms/assets/v3/editorial/f/6a/f6a021fa-a/5165a022cd5e5.preview-1]
[bloximages.newyork1.vip.townnews.com/hngnews.com/content/tncms/assets/v3/editorial/c/0f/c0f47b1c-9/515da3e990251.preview-1]
[bloximages.newyork1.vip.townnews.com/hngnews.com/content/tncms/assets/v3/editorial/2/d0/2d038182-9/515c7d382f9b1.preview-1]
[bloximages.newyork1.vip.townnews.com/hngnews.com/content/tncms/assets/v3/editorial/a/d1/ad1dc154-9/515c7b3b3c296.preview-1]
[bloximages.newyork1.vip.townnews.com/hngnews.com/content/tncms/assets/v3/editorial/3/98/398fdf98-9/5154610b26dc0.preview-1]
[bloximages.newyork1.vip.townnews.com/hngnews.com/content/tncms/assets/v3/editorial/4/a7/4a73f9f0-9/515368d07b654.preview-1]
[bloximages.newyork1.vip.townnews.com/hngnews.com/content/tncms/assets/v3/editorial/6/88/688fe95a-9/51536d7fbfad1.preview-1]
[bloximages.newyork1.vip.townnews.com/hngnews.com/content/tncms/assets/v3/editorial/5/75/5759e3ee-9/514cbc9eb99ed.preview-1]
[bloximages.newyork1.vip.townnews.com/hngnews.com/content/tncms/assets/v3/editorial/a/aa/aaa2b73a-8/514202fdd20f3.preview-1]
[bloximages.newyork1.vip.townnews.com/hngnews.com/content/tncms/assets/v3/editorial/4/ab/4ab2414c-7/511410f2a8356.preview-1]
[bloximages.newyork1.vip.townnews.com/hngnews.com/content/tncms/assets/v3/editorial/4/22/422c8520-8/5137f5a0d0085.preview-1]
[bloximages.newyork1.vip.townnews.com/hngnews.com/content/tncms/assets/v3/editorial/9/d9/9d9fa5fe-8/5138fcd3aff86.preview-1]
[bloximages.newyork1.vip.townnews.com/hngnews.com/content/tncms/assets/v3/editorial/9/0f/90f3db1e-8/512fc631a49cc.preview-1]
[bloximages.newyork1.vip.townnews.com/hngnews.com/content/tncms/assets/v3/editorial/9/0d/90db7300-8/512fc33d60d36.preview-1]
[bloximages.newyork1.vip.townnews.com/hngnews.com/content/tncms/assets/v3/editorial/7/32/73201b1a-8/512f945f80810.preview-1]
[bloximages.newyork1.vip.townnews.com/hngnews.com/content/tncms/assets/v3/editorial/c/71/c7107f46-7/512653dd95113.preview-1]
[bloximages.newyork1.vip.townnews.com/hngnews.com/content/tncms/assets/v3/editorial/6/5e/65ed9176-7/51264caa13072.preview-1]
[bloximages.newyork1.vip.townnews.com/hngnews.com/content/tncms/assets/v3/editorial/7/c9/7c9be4e6-7/51264b608ebc1.preview-1]
[bloximages.newyork1.vip.townnews.com/hngnews.com/content/tncms/assets/v3/editorial/5/6f/56fede12-7/5122b3981b08c.preview-1]
[bloximages.newyork1.vip.townnews.com/hngnews.com/content/tncms/assets/v3/editorial/4/80/480fc678-7/511d53a649b40.preview-1]
[bloximages.newyork1.vip.townnews.com/hngnews.com/content/tncms/assets/v3/editorial/2/35/235b9cde-7/511bfd5c63ef9.preview-1]
[bloximages.newyork1.vip.townnews.com/hngnews.com/content/tncms/assets/v3/editorial/8/14/814f2a32-5/50ed95ce0d63f.preview-1]
[bloximages.newyork1.vip.townnews.com/hngnews.com/content/tncms/assets/v3/editorial/b/bb/bbbbb7e2-7/51154a23e58dc.preview-1]
[bloximages.newyork1.vip.townnews.com/hngnews.com/content/tncms/assets/v3/editorial/2/c4/2c4840c0-6/510974dbeb077.preview-1]
[bloximages.newyork1.vip.townnews.com/hngnews.com/content/tncms/ads/center-top/center-top162df.html]
[bloximages.newyork1.vip.townnews.com/hngnews.com/content/tncms/ads/center-top/center-top23d19.html]
[bloximages.newyork1.vip.townnews.com/hngnews.com/content/tncms/ads/center-top/center-top33d19.html]
[bloximages.newyork1.vip.townnews.com/hngnews.com/content/tncms/assets/v3/editorial/2/0d/20d065fc-4/50d359dcdcd74.preview-1]
[bloximages.newyork1.vip.townnews.com/hngnews.com/content/tncms/assets/v3/editorial/1/e5/1e5778c6-4/50c7793a8823b.preview-1]
[bloximages.newyork1.vip.townnews.com/hngnews.com/content/tncms/assets/v3/editorial/b/bf/bbf7c01e-3/50bfb44b5ef49.preview-1]
[bloximages.newyork1.vip.townnews.com/hngnews.com/content/tncms/assets/v3/editorial/3/e8/3e89a5f6-2/509be4c2665cd.preview-1]
[bloximages.newyork1.vip.townnews.com/hngnews.com/content/tncms/assets/v3/editorial/9/03/903ad5d6-2/508efdb32e946.preview-1]
[bloximages.newyork1.vip.townnews.com/hngnews.com/content/tncms/assets/v3/editorial/c/f7/cf767bdd-b/509971675c753.preview-1]
[bloximages.newyork1.vip.townnews.com/hngnews.com/content/tncms/assets/v3/editorial/6/e7/6e7c98cc-3/50bd2814e04dc.preview-1]
[bloximages.newyork1.vip.townnews.com/hngnews.com/content/tncms/assets/v3/editorial/6/05/605d61ee-5/509972457c773.preview-1]
[bloximages.newyork1.vip.townnews.com/hngnews.com/content/tncms/assets/v3/editorial/5/6c/56c4834a-f/509971f31f479.preview-1]
[bloximages.newyork1.vip.townnews.com/hngnews.com/content/tncms/assets/v3/editorial/a/5b/a5b0b2f3-0/50997294ea187.preview-1]
[bloximages.newyork1.vip.townnews.com/hngnews.com/content/tncms/assets/v3/editorial/5/e5/5e558c42-7/509971f62a837.preview-1]
[bloximages.newyork1.vip.townnews.com/hngnews.com/content/tncms/assets/v3/editorial/b/b0/bb098659-0/509971cc43e39.preview-1]
[bloximages.newyork1.vip.townnews.com/hngnews.com/content/tncms/assets/v3/editorial/3/ce/3ce1b292-2/50996ca84210f.preview-1]
[bloximages.newyork1.vip.townnews.com/hngnews.com/content/tncms/assets/v3/editorial/5/96/596daad6-6/50996cee8cc75.preview-1]
[bloximages.newyork1.vip.townnews.com/hngnews.com/content/tncms/assets/v3/editorial/9/da/9dab2cd0-9/50996cccc65dd.preview-1]
[bloximages.newyork1.vip.townnews.com/hngnews.com/content/tncms/ads/center-middle/center-middle162df.html]
[bloximages.newyork1.vip.townnews.com/hngnews.com/content/tncms/ads/center-middle/center-middle299e9.html]
[bloximages.newyork1.vip.townnews.com/hngnews.com/content/tncms/ads/center-middle/center-middle3de30.html]
[bloximages.newyork1.vip.townnews.com/hngnews.com/content/tncms/ads/center-bottom/center-bottom1d1e4.html]
[bloximages.newyork1.vip.townnews.com/hngnews.com/content/tncms/ads/center-bottom/center-bottom24983.html]
[bloximages.newyork1.vip.townnews.com/hngnews.com/content/tncms/ads/center-bottom/center-bottom367de.html]
[bloximages.newyork1.vip.townnews.com/hngnews.com/content/tncms/assets/v3/editorial/d/77/d770e50c-c/519e8c395dd12.image.htm]
[bloximages.newyork1.vip.townnews.com/hngnews.com/content/tncms/live/components/core_base_library/resour/core-print13d2.htm]
[bloximages.newyork1.vip.townnews.com/hngnews.com/content/tncms/live/global/resources/styles/printb98d.html]
[www.hngnews.com/content/tncms/live/global/resources/styles/print.html]
[bloximages.newyork1.vip.townnews.com/hngnews.com/content/tncms/assets/v3/editorial/f/02/f02fe6ba-c/519f904c613ba.image.htm]
[bloximages.newyork1.vip.townnews.com/hngnews.com/content/tncms/assets/v3/editorial/f/02/f02fe6ba-c/519f904e23f69.preview-3]
[bloximages.newyork1.vip.townnews.com/hngnews.com/content/tncms/assets/v3/editorial/6/a8/6a81837a-c/519f8f707eb2b.image.htm]
[bloximages.newyork1.vip.townnews.com/hngnews.com/content/tncms/assets/v3/editorial/6/a8/6a81837a-c/519f8f714973a.preview-3]
[bloximages.newyork1.vip.townnews.com/hngnews.com/content/tncms/assets/v3/editorial/9/10/910a08f0-c/519f8fc1ed78c.preview-3]
[bloximages.newyork1.vip.townnews.com/hngnews.com/content/tncms/assets/v3/editorial/3/53/353511ee-b/5193dfd1c784c.image.htm]
[bloximages.newyork1.vip.townnews.com/hngnews.com/content/tncms/assets/v3/editorial/3/53/353511ee-b/5193dfd2c86ba.preview-3]
[bloximages.newyork1.vip.townnews.com/hngnews.com/content/tncms/assets/v3/editorial/9/4c/94cb105e-b/5193e0a0f3e40.preview-3]
[bloximages.newyork1.vip.townnews.com/hngnews.com/content/tncms/assets/v3/editorial/3/5c/35c6fdb2-b/5193de2e93bab.image.htm]
[bloximages.newyork1.vip.townnews.com/hngnews.com/content/tncms/assets/v3/editorial/3/5c/35c6fdb2-b/5193de3053501.preview-3]
[bloximages.newyork1.vip.townnews.com/hngnews.com/content/tncms/assets/v3/editorial/a/f1/af11293c-b/5193d4c317591.image.htm]
[bloximages.newyork1.vip.townnews.com/hngnews.com/content/tncms/assets/v3/editorial/a/f1/af11293c-b/5193d4c41078b.preview-3]
[bloximages.newyork1.vip.townnews.com/hngnews.com/content/tncms/assets/v3/editorial/5/a7/5a73737e-b/51828a889c71c.image.htm]
[bloximages.newyork1.vip.townnews.com/hngnews.com/content/tncms/assets/v3/editorial/5/a7/5a73737e-b/51828a89bdd2c.preview-3]
[bloximages.newyork1.vip.townnews.com/hngnews.com/content/tncms/assets/v3/editorial/9/91/991977a4-b/51828af3b64c2.preview-3]
[bloximages.newyork1.vip.townnews.com/hngnews.com/content/tncms/assets/v3/editorial/8/ed/8eddea28-b/5182894c51fe9.image.htm]
[bloximages.newyork1.vip.townnews.com/hngnews.com/content/tncms/assets/v3/editorial/8/ed/8eddea28-b/5182894d969c5.preview-3]
[bloximages.newyork1.vip.townnews.com/hngnews.com/content/tncms/assets/v3/editorial/d/b5/db5b3d9c-b/518289b980136.preview-3]
[bloximages.newyork1.vip.townnews.com/hngnews.com/content/tncms/assets/v3/editorial/c/e4/ce47a68c-a/517aa22b0ca51.image.htm]
[bloximages.newyork1.vip.townnews.com/hngnews.com/content/tncms/assets/v3/editorial/c/e4/ce47a68c-a/517aa22d04acf.preview-3]
[bloximages.newyork1.vip.townnews.com/hngnews.com/content/tncms/assets/v3/editorial/6/99/69957fbc-a/51798b2c678b1.image.htm]
[bloximages.newyork1.vip.townnews.com/hngnews.com/content/tncms/assets/v3/editorial/6/99/69957fbc-a/51798b2eb41f1.preview-3]
[bloximages.newyork1.vip.townnews.com/hngnews.com/content/tncms/assets/v3/editorial/b/0b/b0be4ac2-a/51798c403850f.preview-3]
[bloximages.newyork1.vip.townnews.com/hngnews.com/content/tncms/assets/v3/editorial/0/08/00891aa8-a/51796e3b5aaab.image.htm]
[bloximages.newyork1.vip.townnews.com/hngnews.com/content/tncms/assets/v3/editorial/0/08/00891aa8-a/51796e3d62046.preview-3]
[bloximages.newyork1.vip.townnews.com/hngnews.com/content/tncms/assets/v3/editorial/e/fa/efa42606-a/517aa409475d3.preview-3]
[bloximages.newyork1.vip.townnews.com/hngnews.com/content/tncms/assets/v3/editorial/f/c1/fc1bec28-a/5179694bb73e7.image.htm]
[bloximages.newyork1.vip.townnews.com/hngnews.com/content/tncms/assets/v3/editorial/f/c1/fc1bec28-a/5179694d836e3.preview-3]
[bloximages.newyork1.vip.townnews.com/hngnews.com/content/tncms/assets/v3/editorial/8/35/835c1096-a/51796a5aa5358.preview-3]
[bloximages.newyork1.vip.townnews.com/hngnews.com/content/tncms/assets/v3/editorial/d/f9/df914010-a/5171865245a29.image.htm]
[bloximages.newyork1.vip.townnews.com/hngnews.com/content/tncms/assets/v3/editorial/d/f9/df914010-a/51718653ea8bf.preview-3]
[bloximages.newyork1.vip.townnews.com/hngnews.com/content/tncms/assets/v3/editorial/8/50/850c7ffa-a/5166fab4d4fab.image.htm]
[bloximages.newyork1.vip.townnews.com/hngnews.com/content/tncms/assets/v3/editorial/8/50/850c7ffa-a/5166fab50a957.preview-3]
[hngnews-dot-com.bloxcms-ny1.com/content/tncms/avatars/6/5f/dcb/65fdcbfa-7c66-11e2-9f0e-001a4bcf6878.html]
[bloximages.newyork1.vip.townnews.com/hngnews.com/content/tncms/assets/v3/editorial/3/6b/36bb6afe-a/5165a36ed389a.image.htm]
[bloximages.newyork1.vip.townnews.com/hngnews.com/content/tncms/assets/v3/editorial/3/6b/36bb6afe-a/5165a3704f678.preview-3]
[bloximages.newyork1.vip.townnews.com/hngnews.com/content/tncms/assets/v3/editorial/f/6a/f6a021fa-a/5165a0228bfbd.image.htm]
[bloximages.newyork1.vip.townnews.com/hngnews.com/content/tncms/assets/v3/editorial/f/6a/f6a021fa-a/5165a022d7455.preview-3]
[bloximages.newyork1.vip.townnews.com/hngnews.com/content/tncms/assets/v3/editorial/a/86/a863c338-a/5165a22f54e0e.preview-3]
[bloximages.newyork1.vip.townnews.com/hngnews.com/content/tncms/assets/v3/editorial/c/0f/c0f47b1c-9/515da3e7e89b1.image.htm]
[bloximages.newyork1.vip.townnews.com/hngnews.com/content/tncms/assets/v3/editorial/c/0f/c0f47b1c-9/515da3e9c2adc.preview-3]
[bloximages.newyork1.vip.townnews.com/hngnews.com/content/tncms/assets/v3/editorial/2/d0/2d038182-9/515c7d3662381.image.htm]
[bloximages.newyork1.vip.townnews.com/hngnews.com/content/tncms/assets/v3/editorial/2/d0/2d038182-9/515c7d38693d2.preview-3]
[bloximages.newyork1.vip.townnews.com/hngnews.com/content/tncms/assets/v3/editorial/a/d1/ad1dc154-9/515c7b37ea550.image.htm]
[bloximages.newyork1.vip.townnews.com/hngnews.com/content/tncms/assets/v3/editorial/a/d1/ad1dc154-9/515c7b3b91691.preview-3]
[bloximages.newyork1.vip.townnews.com/hngnews.com/content/tncms/assets/v3/editorial/3/98/398fdf98-9/51546109337d9.image.htm]
[bloximages.newyork1.vip.townnews.com/hngnews.com/content/tncms/assets/v3/editorial/3/98/398fdf98-9/5154610b595df.preview-3]
[bloximages.newyork1.vip.townnews.com/hngnews.com/content/tncms/assets/v3/editorial/4/a7/4a73f9f0-9/515368ce6b8f0.image.htm]
[bloximages.newyork1.vip.townnews.com/hngnews.com/content/tncms/assets/v3/editorial/4/a7/4a73f9f0-9/515368d0b779b.preview-3]
[bloximages.newyork1.vip.townnews.com/hngnews.com/content/tncms/assets/v3/editorial/6/88/688fe95a-9/51536d7e12593.image.htm]
[bloximages.newyork1.vip.townnews.com/hngnews.com/content/tncms/assets/v3/editorial/6/88/688fe95a-9/51536d7fefee3.preview-3]
[bloximages.newyork1.vip.townnews.com/hngnews.com/content/tncms/assets/v3/editorial/5/75/5759e3ee-9/514cbc9e21908.image.htm]
[bloximages.newyork1.vip.townnews.com/hngnews.com/content/tncms/assets/v3/editorial/5/75/5759e3ee-9/514cbc9ecc5ad.preview-3]
[bloximages.newyork1.vip.townnews.com/hngnews.com/content/tncms/assets/v3/editorial/a/aa/aaa2b73a-8/514202fcad56b.image.htm]
[bloximages.newyork1.vip.townnews.com/hngnews.com/content/tncms/assets/v3/editorial/a/aa/aaa2b73a-8/514202fe0bcdf.preview-3]
[bloximages.newyork1.vip.townnews.com/hngnews.com/content/tncms/assets/v3/editorial/4/ab/4ab2414c-7/511410f09c254.image.htm]
[bloximages.newyork1.vip.townnews.com/hngnews.com/content/tncms/assets/v3/editorial/4/ab/4ab2414c-7/511410f304588.preview-3]
[bloximages.newyork1.vip.townnews.com/hngnews.com/content/tncms/assets/v3/editorial/4/22/422c8520-8/5137f59fb31da.image.htm]
[bloximages.newyork1.vip.townnews.com/hngnews.com/content/tncms/assets/v3/editorial/4/22/422c8520-8/5137f5a10a8a8.preview-3]
[www.hngnews.com/content/tncms/live/editorial/editorial-core-base/resources/images/icon-collection.html]
[bloximages.newyork1.vip.townnews.com/hngnews.com/content/tncms/assets/v3/editorial/9/d9/9d9fa5fe-8/5138fcd29e78f.image.htm]
[bloximages.newyork1.vip.townnews.com/hngnews.com/content/tncms/assets/v3/editorial/9/d9/9d9fa5fe-8/5138fcd3dddaf.preview-3]
[bloximages.newyork1.vip.townnews.com/hngnews.com/content/tncms/assets/v3/editorial/9/0f/90f3db1e-8/512fc63073a98.image.htm]
[bloximages.newyork1.vip.townnews.com/hngnews.com/content/tncms/assets/v3/editorial/9/0f/90f3db1e-8/512fc631da5cd.preview-3]
[bloximages.newyork1.vip.townnews.com/hngnews.com/content/tncms/assets/v3/editorial/9/0d/90db7300-8/512fc33c43da0.image.htm]
[bloximages.newyork1.vip.townnews.com/hngnews.com/content/tncms/assets/v3/editorial/9/0d/90db7300-8/512fc33d90206.preview-3]
[bloximages.newyork1.vip.townnews.com/hngnews.com/content/tncms/assets/v3/editorial/7/32/73201b1a-8/512f945e5f98e.image.htm]
[bloximages.newyork1.vip.townnews.com/hngnews.com/content/tncms/assets/v3/editorial/7/32/73201b1a-8/512f945faa718.preview-3]
[bloximages.newyork1.vip.townnews.com/hngnews.com/content/tncms/assets/v3/editorial/a/a1/aa1e35d4-8/512f995a8bb3d.preview-3]
[bloximages.newyork1.vip.townnews.com/hngnews.com/content/tncms/live/global/resources/images/_site/logo123.html]
[bloximages.newyork1.vip.townnews.com/hngnews.com/content/tncms/live/global/resources/images/_site/camb.html]
[bloximages.newyork1.vip.townnews.com/hngnews.com/content/tncms/live/global/resources/images/_site/DeForest.html]
[bloximages.newyork1.vip.townnews.com/hngnews.com/content/tncms/live/global/resources/images/_site/Leader123123123.html]
[bloximages.newyork1.vip.townnews.com/hngnews.com/content/tncms/live/global/resources/images/_site/lodinewlogo.html]
[bloximages.newyork1.vip.townnews.com/hngnews.com/content/tncms/live/global/resources/images/_site/Thistle.html]
[bloximages.newyork1.vip.townnews.com/hngnews.com/content/tncms/live/global/resources/images/_site/miltonnewlogo.html]
[bloximages.newyork1.vip.townnews.com/hngnews.com/content/tncms/live/global/resources/images/_site/herald-independent.html]
[bloximages.newyork1.vip.townnews.com/hngnews.com/content/tncms/live/global/resources/images/_site/poynette.html]
[bloximages.newyork1.vip.townnews.com/hngnews.com/content/tncms/live/global/resources/images/_site/sp.html]
[bloximages.newyork1.vip.townnews.com/hngnews.com/content/tncms/live/global/resources/images/_site/Milton123.html]
[bloximages.newyork1.vip.townnews.com/hngnews.com/content/tncms/live/global/resources/images/_site/tribune.html]
[bloximages.newyork1.vip.townnews.com/hngnews.com/content/tncms/live/global/resources/images/_site/search.html]
[bloximages.newyork1.vip.townnews.com/hngnews.com/content/tncms/live/global/resources/images/_site/footer123NEW.html]
[www.hngnews.com/content/tncms/ads/tncms-ad-curve.html]
[www.hngnews.com/sun_prairie_star/community/features/GET.html]
[www.hngnews.com/shared-content/art/tncms-ad-manager/swfobject/swfobject.html]
[www.hngnews.com/shared-content/art/tncms-ad-manager/flowplayer/flashembed.min.html]
[www.hngnews.com/shared-content/stats/common/tracker.html]
[www.hngnews.com/content/tncms/live/editorial/default/resources/scripts/flowplayer-3.1.4.min.js]
