[live.psu.edu/story/51031.html]
[backblue.gif]
[fade.gif]
[index.html]
[www.psu.edu/images/psuicon.png]
[ajax.googleapis.com/ajax/libs/jquery/1.4.2/jquery.min.js]
[ajax.googleapis.com/ajax/libs/swfobject/2.2/swfobject.js]
[live.psu.edu/slthumb/userpics/10004/normal_spring_career_days01.jpg]
[live.psu.edu/slthumb/userpics/10004/normal_02bball_4483.jpg]
[live.psu.edu/slthumb/userpics/10004/normal_LateNight_PennState06.jpg]
[live.psu.edu/slthumb/userpics/10004/normal_bon_jovi09.jpg]
[live.psu.edu/slthumb/userpics/10004/normal_bonjovi4340.jpg]
[i.ytimg.com/vi/IsmcSwuyn5A/0.jpg]
[i.ytimg.com/vi/XoRa-nXDymA/0.jpg]
[i.ytimg.com/vi/3WmzJl2HthQ/0.jpg]
[i.ytimg.com/vi/BxZ25q1Ey80/0.jpg]
[i.ytimg.com/vi/FsN7HsGv31M/0.jpg]
[i.ytimg.com/vi/l65GVJ7xIPw/0.jpg]
[i.ytimg.com/vi/i6klPvvoMvc/0.jpg]
[i.ytimg.com/vi/gE0dJnXiHTo/0.jpg]
[i.ytimg.com/vi/XFsAxlQe5gw/0.jpg]
[i.ytimg.com/vi/Qke0ykv5Yc4/0.jpg]
[live.psu.edu/story/51345.html]
[live.psu.edu/story/51398.html]
[live.psu.edu/story/51335.html]
[live.psu.edu/story/51333.html]
[live.psu.edu/story/51334.html]
[live.psu.edu/story/51031.html]
[live.psu.edu/css/style5837.css]
[live.psu.edu/css/print.css]
[live.psu.edu/story/51477.html]
[live.psu.edu/story/51472.html]
[live.psu.edu/story/51468.html]
[live.psu.edu/story/51385.html]
[live.psu.edu/story/51457.html]
[live.psu.edu/story/51345.html]
[live.psu.edu/story/51399.html]
[live.psu.edu/story/51240.html]
[live.psu.edu/story/51219.html]
[live.psu.edu/story/51217.html]
[live.psu.edu/story/51216.html]
[live.psu.edu/story/51398.html]
[live.psu.edu/story/51252.html]
[live.psu.edu/story/51335.html]
[live.psu.edu/story/51478.html]
[live.psu.edu/story/51391.html]
[live.psu.edu/story/51365.html]
[live.psu.edu/story/51333.html]
[live.psu.edu/story/51334.html]
[live.psu.edu/story/51475.html]
[live.psu.edu/story/51474.html]
[live.psu.edu/story/51470.html]
[live.psu.edu/story/51465.html]
[live.psu.edu/story/51477.html]
[live.psu.edu/story/51473.html]
[live.psu.edu/story/51471.html]
[live.psu.edu/story/51419.html]
[live.psu.edu/story/51417.html]
[live.psu.edu/story/51472.html]
[live.psu.edu/story/51467.html]
[live.psu.edu/story/51336.html]
[live.psu.edu/story/51468.html]
[live.psu.edu/story/51385.html]
[live.psu.edu/story/51457.html]
[live.psu.edu/story/51399.html]
[live.psu.edu/story/51360.html]
[live.psu.edu/story/51444.html]
[live.psu.edu/story/51432.html]
[live.psu.edu/story/51240.html]
[live.psu.edu/story/51445.html]
[live.psu.edu/story/51443.html]
[live.psu.edu/story/51411.html]
[live.psu.edu/story/51219.html]
[live.psu.edu/story/51217.html]
[live.psu.edu/story/51414.html]
[live.psu.edu/story/51313.html]
[live.psu.edu/story/51265.html]
[live.psu.edu/story/51216.html]
[live.psu.edu/story/51252.html]
[live.psu.edu/story/51453.html]
[live.psu.edu/story/51364.html]
[live.psu.edu/story/51342.html]
[live.psu.edu/story/51478.html]
[live.psu.edu/story/51391.html]
[live.psu.edu/story/51433.html]
[live.psu.edu/story/51423.html]
[live.psu.edu/story/51365.html]
[live.psu.edu/story/51476.html]
[live.psu.edu/story/51475.html]
[live.psu.edu/story/51474.html]
[live.psu.edu/story/51470.html]
[live.psu.edu/story/51465.html]
[live.psu.edu/story/51339.html]
[live.psu.edu/story/51338.html]
[live.psu.edu/story/51337.html]
[live.psu.edu/story/51300.html]
[live.psu.edu/story/51473.html]
[live.psu.edu/story/51362.html]
[live.psu.edu/story/51361.html]
[live.psu.edu/story/51358.html]
[live.psu.edu/story/51332.html]
[live.psu.edu/story/51471.html]
[live.psu.edu/story/51419.html]
[live.psu.edu/story/51415.html]
[live.psu.edu/story/51344.html]
[live.psu.edu/story/51294.html]
[live.psu.edu/story/51278.html]
[live.psu.edu/story/51417.html]
[live.psu.edu/story/51466.html]
[live.psu.edu/story/51467.html]
[live.psu.edu/story/47796.html]
[live.psu.edu/story/51336.html]
[live.psu.edu/story/51360.html]
[live.psu.edu/story/51444.html]
[live.psu.edu/story/51432.html]
[live.psu.edu/story/30949.html]
[live.psu.edu/story/51387.html]
[live.psu.edu/story/51445.html]
[live.psu.edu/story/51443.html]
[live.psu.edu/story/51412.html]
[live.psu.edu/story/51411.html]
[live.psu.edu/story/51410.html]
[live.psu.edu/story/51319.html]
[live.psu.edu/story/51380.html]
[live.psu.edu/story/51413.html]
[live.psu.edu/story/51402.html]
[live.psu.edu/story/51414.html]
[live.psu.edu/story/51363.html]
[live.psu.edu/story/51348.html]
[live.psu.edu/story/51313.html]
[live.psu.edu/story/51265.html]
[live.psu.edu/story/51453.html]
[live.psu.edu/story/51364.html]
[live.psu.edu/story/51460.html]
[live.psu.edu/story/51459.html]
[live.psu.edu/story/51458.html]
[live.psu.edu/story/51456.html]
[live.psu.edu/story/51342.html]
[live.psu.edu/story/51441.html]
[live.psu.edu/story/51403.html]
[live.psu.edu/story/51394.html]
[live.psu.edu/story/51433.html]
[live.psu.edu/story/51384.html]
[live.psu.edu/story/51423.html]
[live.psu.edu/story/51464.html]
[live.psu.edu/story/51476.html]
[live.psu.edu/story/51339.html]
[live.psu.edu/story/51338.html]
[live.psu.edu/story/51337.html]
[live.psu.edu/story/51300.html]
[live.psu.edu/story/51362.html]
[live.psu.edu/story/51361.html]
[live.psu.edu/story/51358.html]
[live.psu.edu/story/51332.html]
[live.psu.edu/story/51430.html]
[live.psu.edu/story/51426.html]
[live.psu.edu/story/51415.html]
[live.psu.edu/story/51344.html]
[live.psu.edu/story/51294.html]
[live.psu.edu/story/51278.html]
[live.psu.edu/story/51466.html]
[live.psu.edu/story/46586.html]
[live.psu.edu/story/51212.html]
[live.psu.edu/story/51071.html]
[live.psu.edu/story/50872.html]
[live.psu.edu/story/50723.html]
[live.psu.edu/story/47796.html]
[live.psu.edu/story/30949.html]
[live.psu.edu/story/51387.html]
[live.psu.edu/story/51409.html]
[live.psu.edu/story/51412.html]
[live.psu.edu/story/51408.html]
[live.psu.edu/story/51407.html]
[live.psu.edu/story/51410.html]
[www.science.psu.edu/alert/photos/research-photos/biology/Carlo-waxwing.JPG]
[live.psu.edu/story/51319.html]
[live.psu.edu/story/51463.html]
[live.psu.edu/story/51380.html]
[live.psu.edu/story/50681.html]
[live.psu.edu/story/50582.html]
[live.psu.edu/story/50496.html]
[live.psu.edu/story/51413.html]
[live.psu.edu/story/51462.html]
[live.psu.edu/story/51402.html]
[live.psu.edu/story/51422.html]
[live.psu.edu/story/51404.html]
[live.psu.edu/story/51390.html]
[live.psu.edu/story/51363.html]
[live.psu.edu/story/51348.html]
[live.psu.edu/story/51455.html]
[live.psu.edu/story/51454.html]
[live.psu.edu/story/51460.html]
[live.psu.edu/story/51459.html]
[live.psu.edu/story/51458.html]
[live.psu.edu/story/51456.html]
[live.psu.edu/story/51301.html]
[live.psu.edu/story/51441.html]
[live.psu.edu/story/51403.html]
[live.psu.edu/story/51395.html]
[live.psu.edu/story/51393.html]
[live.psu.edu/story/51260.html]
[live.psu.edu/story/51258.html]
[live.psu.edu/story/51394.html]
[live.psu.edu/story/51384.html]
[live.psu.edu/story/51464.html]
[live.psu.edu/story/51429.html]
[live.psu.edu/story/51428.html]
[live.psu.edu/story/51430.html]
[live.psu.edu/story/51426.html]
[live.psu.edu/story/46586.html]
[live.psu.edu/story/51212.html]
[live.psu.edu/story/51071.html]
[live.psu.edu/story/50872.html]
[live.psu.edu/story/50723.html]
[live.psu.edu/story/51409.html]
[live.psu.edu/story/51408.html]
[live.psu.edu/story/51407.html]
[live.psu.edu/story/51463.html]
[live.psu.edu/story/50681.html]
[live.psu.edu/story/50582.html]
[live.psu.edu/story/50496.html]
[live.psu.edu/story/51462.html]
[live.psu.edu/story/51422.html]
[live.psu.edu/story/51404.html]
[live.psu.edu/story/51389.html]
[live.psu.edu/story/51388.html]
[live.psu.edu/story/51390.html]
[live.psu.edu/story/51455.html]
[live.psu.edu/story/51454.html]
[live.psu.edu/story/51301.html]
[live.psu.edu/story/51395.html]
[live.psu.edu/story/51393.html]
[live.psu.edu/story/51260.html]
[live.psu.edu/story/51406.html]
[live.psu.edu/story/51257.html]
[live.psu.edu/story/51258.html]
[live.psu.edu/story/51429.html]
[live.psu.edu/story/51428.html]
[live.psu.edu/story/51353.html]
[live.psu.edu/story/51389.html]
[live.psu.edu/story/51388.html]
[live.psu.edu/story/51406.html]
[live.psu.edu/story/51257.html]
[live.psu.edu/story/51353.html]
