[www.wdaz.com/event/article/id/6500/publisher_ID/30/index.html]
[backblue.gif]
[fade.gif]
[index.html]
[www.wdaz.com/sites/wdaz/template/css/global_layout2de5.css]
[www.wdaz.com/sites/wdaz/template/css/homepage2de5.css]
[www.wdaz.com/sites/wdaz/template/css/section2de5.css]
[ajax.googleapis.com/ajax/libs/jquery/1.4.1/jquery.min.js]
[www.wdaz.com/javascript/global.min2de5.js]
[www.wdaz.com/javascript/articleCheck2de5.js]
[www.wdaz.com/javascript/signinLogo.min.js]
[www.wdaz.com/sites/wdaz/template/gfx/logo.gif]
[www.wdaz.com/global_site/template/css/print.css]
[www.wdaz.com/global_site/template/gfx/icons/print.gif]
[www.wdaz.com/global_site/template/gfx/icons/mailto.gif]
[w.sharethis.com/button/buttons.js]
[www.wdaz.com/javascript/jquery.tools.min.js]
[www.wdaz.com/javascript/flowplayer-3.1.4.min.js]
[www.wdaz.com/javascript/jquery.cycle.all.2.73.js]
[www.wdaz.com/javascript/flowplayer_site_keys.min.js]
[www.wdaz.com/global_site/template/gfx/close.gif]
[www.wdaz.com/media/story/jpg/2011/02/16/glowacki.jpg]
[www.wdaz.com/global_site/template/gfx/deal_prev_on.gif]
[www.wdaz.com/global_site/template/gfx/deal_next_pause.gif]
[www.wdaz.com/global_site/template/gfx/deal_next_play.gif]
[www.wdaz.com/global_site/template/gfx/deal_next_on.gif]
[www.wdaz.com/global_site/template/gfx/marketplace/spacer.gif]
[www.forumcomm.com/media/wdaz/2011/02/2011021620110216_02169010diversitypkgmov_small.jpg]
[www.wdaz.com/global_site/template/gfx/play.png]
[pagead2.googlesyndication.com/pagead/show_ads.js]
[widgets.fccinteractive.com/tracking/article/mostRead.js]
[www.wdaz.com/global_site/template/gfx/icons/rss_chicklet.gif]
[www.wdaz.com/javascript/facebook.min.js]
[www.wdaz.com/javascript/JSONScriptRequest.min.js]
[widgets.fccinteractive.com/marketplaceV2/mktlist/js/list.js]
[widgets.fccinteractive.com/verticals/jobshq.com/js/jobsHQ.min.js]
[widgets.fccinteractive.com/verticals/carshq.com/js/carsHQ.min.js]
[widgets.fccinteractive.com/verticals/homeshq.com/js/homesHQ.min.js]
[widgets.fccinteractive.com/verticals/apartmentshq.com/js/apartmentsHQ.min.js]
[widgets.fccinteractive.com/marketplaceV2/mktad/mktad.js]
[widgets.fccinteractive.com/marketplaceV2/mktscroller/scroller.js]
[widgets.fccinteractive.com/tracking/data/wdaz/search/topSearchJSON.js]
[edge.quantserve.com/quant.js]
[pixel.quantserve.com/pixel/p-f1gwFa5-x-0VY.gif]
[www.wdaz.com/event/article/id/6500/publisher_ID/30/index.html]
[www.wdaz.com/global_site/template/css/global.css]
[www.wdaz.com/sites/wdaz/template/gfx/bg.gif]
[www.wdaz.com/sites/wdaz/template/gfx/search_top.gif]
[www.wdaz.com/sites/wdaz/template/gfx/search_bottom.gif]
[www.wdaz.com/sites/wdaz/template/gfx/q_bg.gif]
[www.wdaz.com/sites/wdaz/template/gfx/searchnav_arrow.gif]
[www.wdaz.com/sites/wdaz/template/gfx/q_hover.gif]
[www.wdaz.com/sites/wdaz/template/gfx/dropdownArrow.png]
[www.wdaz.com/sites/wdaz/template/gfx/dropdownArrowClicked.png]
[www.wdaz.com/sites/wdaz/template/gfx/dropdownSublinks.png]
[www.wdaz.com/sites/wdaz/template/gfx/boxbg.gif]
[www.wdaz.com/sites/wdaz/template/css/global_layout2de5.css]
[www.wdaz.com/sites/wdaz/template/gfx/inactive_fc.png]
[www.wdaz.com/sites/wdaz/template/gfx/hover_fc.png]
[www.wdaz.com/sites/wdaz/template/gfx/active_fc.png]
[www.wdaz.com/sites/wdaz/template/gfx/tab_bottom.gif]
[www.wdaz.com/global_site/template/gfx/icons/camera.gif]
[www.wdaz.com/global_site/template/gfx/breakingnews.gif]
[www.wdaz.com/sites/wdaz/template/css/homepage2de5.css]
[www.wdaz.com/global_site/template/gfx/icons/calendar.gif]
[www.wdaz.com/global_site/template/gfx/icons/photo.png]
[www.wdaz.com/global_site/template/gfx/icons/gallery.png]
[www.wdaz.com/global_site/template/gfx/icons/avMini_green.png]
[www.wdaz.com/global_site/template/gfx/icons/audio.png]
[www.wdaz.com/global_site/template/gfx/icons/camera.png]
[www.wdaz.com/global_site/template/gfx/icons/weblink.png]
[www.wdaz.com/global_site/template/gfx/icons/pdf.png]
[www.wdaz.com/global_site/template/gfx/icons/poll.png]
[www.wdaz.com/global_site/template/gfx/icons/flash.png]
[www.wdaz.com/global_site/template/gfx/icons/site_doc.png]
[www.wdaz.com/global_site/template/gfx/icons/slideshow.png]
[www.wdaz.com/global_site/template/gfx/marketplace/offers/marketplaceOffersHeader.png]
[www.wdaz.com/global_site/template/gfx/marketplace/offers/marketplaceOffersFooter.png]
[www.wdaz.com/global_site/template/gfx/marketplace/offers/viewoffers.png]
[www.wdaz.com/global_site/template/gfx/marketplace/offers/addbusiness.png]
[www.wdaz.com/sites/wdaz/template/css/section2de5.css]
[www.wdaz.com/javascript/global.min2de5.js]
[www.wdaz.com/javascript/articleCheck2de5.js]
[www.wdaz.com/javascript/signinLogo.min.js]
[www.wdaz.com/global_site/template/css/print.css]
[www.wdaz.com/javascript/jquery.tools.min.js]
[www.wdaz.com/javascript/flowplayer-3.1.4.min.js]
[www.wdaz.com/javascript/jquery.cycle.all.2.73.js]
[www.wdaz.com/javascript/flowplayer_site_keys.min.js]
[widgets.fccinteractive.com/tracking/article/mostRead.js]
[www.wdaz.com/javascript/facebook.min.js]
[www.wdaz.com/javascript/JSONScriptRequest.min.js]
[widgets.fccinteractive.com/marketplaceV2/mktlist/js/jquery.tools.min.js]
[widgets.fccinteractive.com/marketplaceV2/mktlist/js/mktlist.easySlider1.7.min.js]
[widgets.fccinteractive.com/marketplaceV2/mktlist/js/mktlist.triggerSlider.min.js]
[widgets.fccinteractive.com/marketplaceV2/mktlist/js/flowplayer-3.1.4.min.js]
[widgets.fccinteractive.com/marketplaceV2/mktlist/js/mktlist.videoOverlay.min.js]
[widgets.fccinteractive.com/marketplaceV2/mktlist/js/list.js]
[widgets.fccinteractive.com/verticals/jobshq.com/js/jobsHQ.min.js]
[widgets.fccinteractive.com/verticals/carshq.com/js/carsHQ.min.js]
[widgets.fccinteractive.com/verticals/homeshq.com/js/homesHQ.min.js]
[widgets.fccinteractive.com/verticals/apartmentshq.com/js/apartmentsHQ.min.js]
[widgets.fccinteractive.com/marketplaceV2/mktad/js/jquery.tools.min.js]
[widgets.fccinteractive.com/marketplaceV2/mktad/js/mktad.easySlider.min.js]
[widgets.fccinteractive.com/marketplaceV2/mktad/js/jqtabs.js]
[widgets.fccinteractive.com/marketplaceV2/mktad/js/mktad.triggerSlider.js]
[widgets.fccinteractive.com/marketplaceV2/mktad/js/flowplayer-3.1.4.min.js]
[widgets.fccinteractive.com/marketplaceV2/mktad/js/mktad.videoOverlay.min.js]
[widgets.fccinteractive.com/marketplaceV2/mktad/mktad.js]
[widgets.fccinteractive.com/marketplaceV2/mktscroller/js/jquery.tools.min.js]
[widgets.fccinteractive.com/marketplaceV2/mktscroller/js/mktscroller.easySlider1.7.js]
[widgets.fccinteractive.com/marketplaceV2/mktscroller/js/mktscroller.triggerSlider.js]
[widgets.fccinteractive.com/marketplaceV2/mktscroller/js/flowplayer-3.1.4.min.js]
[widgets.fccinteractive.com/marketplaceV2/mktscroller/js/mktscroller.videoOverlay.js]
[widgets.fccinteractive.com/marketplaceV2/mktscroller/scroller.js]
[widgets.fccinteractive.com/tracking/data/wdaz/search/topSearchJSON.js]
[edge.quantserve.com/quant.js]
[pixel.quantserve.com/pixel/p-f1gwFa5-x-0VY.gif]
[www.wdaz.com/global_site/template/gfx/alertbg.gif]
[www.wdaz.com/content/weather/mapAssets/css/images/ui-icons_222222_256x240.png]
[www.wdaz.com/content/weather/mapAssets/css/images/ui-icons_ffd27a_256x240.png]
[www.wdaz.com/global_site/template/css/global.css]
[www.wdaz.com/sites/wdaz/template/gfx/search_bottom.gif]
[www.wdaz.com/sites/wdaz/template/gfx/tab_bottom.gif]
[widgets.fccinteractive.com/marketplace/mktlist/images/marketplaceOfferClose.png]
[widgets.fccinteractive.com/marketplaceV2/mktlist/js/jquery.tools.min.js]
[widgets.fccinteractive.com/marketplaceV2/mktlist/js/mktlist.easySlider1.7.min.js]
[widgets.fccinteractive.com/marketplaceV2/mktlist/js/mktlist.triggerSlider.min.js]
[widgets.fccinteractive.com/marketplaceV2/mktlist/js/flowplayer-3.1.4.min.js]
[widgets.fccinteractive.com/marketplaceV2/mktlist/js/mktlist.videoOverlay.min.js]
[widgets.fccinteractive.com/marketplaceV2/mktad/images/marketplaceOfferClose.png]
[widgets.fccinteractive.com/marketplaceV2/mktad/js/jquery.tools.min.js]
[widgets.fccinteractive.com/marketplaceV2/mktad/js/mktad.easySlider.min.js]
[widgets.fccinteractive.com/marketplaceV2/mktad/js/jqtabs.js]
[widgets.fccinteractive.com/marketplaceV2/mktad/js/mktad.triggerSlider.js]
[widgets.fccinteractive.com/marketplaceV2/mktad/js/flowplayer-3.1.4.min.js]
[widgets.fccinteractive.com/marketplaceV2/mktad/js/mktad.videoOverlay.min.js]
[widgets.fccinteractive.com/marketplaceV2/mktscroller/js/jquery.tools.min.js]
[widgets.fccinteractive.com/marketplaceV2/mktscroller/js/mktscroller.easySlider1.7.js]
[widgets.fccinteractive.com/marketplaceV2/mktscroller/js/mktscroller.triggerSlider.js]
[widgets.fccinteractive.com/marketplaceV2/mktscroller/js/flowplayer-3.1.4.min.js]
[widgets.fccinteractive.com/marketplaceV2/mktscroller/js/mktscroller.videoOverlay.js]
[widgets.fccinteractive.com/marketplace/mktlist/images/marketplaceOfferClose.png]
[widgets.fccinteractive.com/marketplaceV2/mktad/images/marketplaceOfferClose.png]
