[www.uticaod.com/html/mvcc-speaker-diversity-is-not-noticing-the-differences.html]
[backblue.gif]
[fade.gif]
[index.html]
[www.uticaod.com/images/rsshtml.html]
[external.html]
[www.uticaod.com/html/mvcc-speaker-diversity-is-not-noticing-the-differences-2.html]
[d1aivi5dp2wry5.cloudfront.net/images/pixel.gif]
[www.uticaod.com/html/mvcc-speaker-diversity-is-not-noticing-the-differences.html]
[www.uticaod.com/images/rsshtml-2.html]
[www.uticaod.com/html/mvcc-speaker-diversity-is-not-noticing-the-differences-2.html]
[www.uticaod.com/html/mvcc-speaker-diversity-is-not-noticing-the-differences0015.html]
[www.uticaod.com/html/mvcc-speaker-diversity-is-not-noticing-the-differences0015.html]
[global.static.ghm.zope.net/images/dd_base.css]
[global.static.ghm.zope.net/images/iyp.css]
[global.static.ghm.zope.net/images/color_base.css]
[global.static.ghm.zope.net/images/color_blue.css]
[global.static.ghm.zope.net/images/dd_print.css]
[global.static.ghm.zope.net/images/css_comments.css]
[www.uticaod.com/images/g06406400000000000078c80c64c7e66d3991b42547cd4e2c739e625f31.jpg]
[global.static.ghm.zope.net/images/jquery.jcarousel.pack.js]
[global.static.ghm.zope.net/images/feed_handler.js]
[global.static.ghm.zope.net/images/nav.js]
[global.static.ghm.zope.net/images/global.js]
[s.ppjol.net/images/pp.js]
[dv2.gatehousemedia.com/images/comments.js]
[e.yieldmanager.net/images/script.js]
[global.static.ghm.zope.net/images/search_btn_bg.png]
[global.static.ghm.zope.net/images/vert_icon_jobs.png]
[global.static.ghm.zope.net/images/vert_icon_cars.png]
[global.static.ghm.zope.net/images/vert_icon_homes.png]
[global.static.ghm.zope.net/images/vert_icon_classifieds.png]
[global.static.ghm.zope.net/images/vert_icon_subscribe.png]
[global.static.ghm.zope.net/images/vert_icon_eedition.png]
[global.static.ghm.zope.net/images/vert_icon_rf.png]
[global.static.ghm.zope.net/images/utica_logo.png]
[www.uticaod.com/images/g12c000000000000000fe120ef2c7d29acb407bcf5fa3c19e9a66802585.jpg]
[www.uticaod.net/images/subscribe_here_300x50.jpg]
[utica.static.ghm.zope.net/images/button_search_ipy.gif]
[global.static.ghm.zope.net/images/icon_tools_print.png]
[global.static.ghm.zope.net/images/icon_tools_comment.png]
[w.sharethis.com/images/buttons.js]
[w.sharethis.com/images/buttons.js]
[thumbnail.newsinc.com/images/23548859.jpg]
[thumbnail.newsinc.com/images/23548834.jpg]
[thumbnail.newsinc.com/images/23548823.jpg]
[thumbnail.newsinc.com/images/23548782.jpg]
[thumbnail.newsinc.com/images/23548766.jpg]
[thumbnail.newsinc.com/images/23548747.jpg]
[edge.quantserve.com/images/quant.js]
[edge.quantserve.com/images/quant.js]
[pixel.quantserve.com/images/p-573scdfdouh6o.gif]
[cm.npc-gatehouse.overture.com/images/ypn.js]
[cm.npc-gatehouse.overture.com/images/ypn.js]
[209.20.84.187/images/blankb1b5.gif]
[global.static.ghm.zope.net/images/ghs_wa.js]
[pixel.quantserve.com/images/p-d1nbcz7ma4ide.gif]
[c5.zedo.com/images/fhs.js]
[c5.zedo.com/images/fhs.js]
[www.uticaod.com/images/g2e22e20000000000009499292d1901dbefab977aff71e86d0f7e048066.jpg]
[www.uticaod.com/images/g05004b000000000000975f8c4f97f159641a18ad94be65be32ff6de1b5.jpg]
[global.static.ghm.zope.net/images/break_bg.png]
[global.static.ghm.zope.net/images/rel_bullet.png]
[global.static.ghm.zope.net/images/bullet_page.png]
[global.static.ghm.zope.net/images/bullet_link.png]
[global.static.ghm.zope.net/images/bullet_camera.png]
[global.static.ghm.zope.net/images/bullet_poll.png]
[global.static.ghm.zope.net/images/bullet_ss.png]
[global.static.ghm.zope.net/images/bullet_map.png]
[global.static.ghm.zope.net/images/bullet_mp3.png]
[global.static.ghm.zope.net/images/bullet_sidebar.png]
[global.static.ghm.zope.net/images/bullet_video.png]
[global.static.ghm.zope.net/images/bullet_zip.png]
[global.static.ghm.zope.net/images/icon_addcomment.png]
[global.static.ghm.zope.net/images/icon_printer.png]
[global.static.ghm.zope.net/images/bullet_zoomin.png]
[global.static.ghm.zope.net/images/bullet_zoomout.png]
[global.static.ghm.zope.net/images/bullet_file_default.png]
[global.static.ghm.zope.net/images/bullet_file_doc.png]
[global.static.ghm.zope.net/images/bullet_file_xls.png]
[global.static.ghm.zope.net/images/bullet_file_img.png]
[global.static.ghm.zope.net/images/bullet_file_zip.png]
[global.static.ghm.zope.net/images/bullet_file_pdf.png]
[global.static.ghm.zope.net/images/bullet_file_ppt.png]
[global.static.ghm.zope.net/images/spinner.gif]
[global.static.ghm.zope.net/images/radar_frog.gif]
[global.static.ghm.zope.net/images/radarfrog-nav-btn.png]
[dv2.gatehousemedia.com/images/upload.png]
[dv2.gatehousemedia.com/images/clear.png]
[dv2.gatehousemedia.com/images/caption.png]
[test-site-3.static.ghm.zope.net/images/tl_logo_bg.gif]
[global.static.ghm.zope.net/images/body_bg_white.png]
[global.static.ghm.zope.net/images/nav_bg_grey.gif]
[global.static.ghm.zope.net/images/nav_bg_grey_dark.gif]
[global.static.ghm.zope.net/images/nav_bg_grey_dark_rev.gif]
[global.static.ghm.zope.net/images/hotlink_bg_red.png]
[global.static.ghm.zope.net/images/nav_bg_blue_dark.gif]
[global.static.ghm.zope.net/images/nav_bg_blue_dark_rev.gif]
[global.static.ghm.zope.net/images/loading-new.gif]
[global.static.ghm.zope.net/images/story_tools_bg.gif]
[global.static.ghm.zope.net/images/article_bg.gif]
[global.static.ghm.zope.net/images/report_abuse.gif]
[global.static.ghm.zope.net/images/your_name.gif]
[global.static.ghm.zope.net/images/your_comment.gif]
[global.static.ghm.zope.net/images/your_email.gif]
[global.static.ghm.zope.net/images/cross.png]
[global.static.ghm.zope.net/images/help.png]
[global.static.ghm.zope.net/images/bullet_key.png]
