[www.uticaod.com/living/x2146635165/MVCC-speaker-Diversity-is-not-noticing-the-differences.html]
[backblue.gif]
[fade.gif]
[index.html]
[external.html]
[www.uticaod.com/living/x2146635165/g000000000000000000ca8e1e6d494f1613a2bfdbe75fd6c4edbf66b26a.1a.delayed]
[thumbnail.newsinc.com/23548859.jpg]
[www.uticaod.com/living/x2146635165/MVCC-speaker-Diversity-is-not-noticing-the-differences.html]
[global.static.ghm.zope.net/resources/deep_dish/css/dd_base.css]
[global.static.ghm.zope.net/resources/deep_dish/css/iyp.css]
[global.static.ghm.zope.net/resources/deep_dish/css/color_base.css]
[global.static.ghm.zope.net/resources/deep_dish/css/color_blue.css]
[global.static.ghm.zope.net/resources/deep_dish/css/dd_print.css]
[global.static.ghm.zope.net/resources/global/css_comments.css]
[www.uticaod.com/archive/x1944400702/g06406400000000000078c80c64c7e66d3991b42547cd4e2c739e625f31.jpg]
[global.static.ghm.zope.net/resources/deep_dish/scripts/jquery.jcarousel.pack.js]
[global.static.ghm.zope.net/resources/deep_dish/scripts/feed_handler.js]
[global.static.ghm.zope.net/resources/deep_dish/scripts/nav.js]
[global.static.ghm.zope.net/resources/deep_dish/scripts/global.js]
[www.uticaod.com/living/x2146635165/CDMScriptManager-1.0.5f.delayed]
[www.uticaod.com/living/x2146635165/prototype.60.delayed]
[s.ppjol.net/pp.js]
[dv2.gatehousemedia.com/matt/reg/comments.js]
[e.yieldmanager.net/script.js]
[global.static.ghm.zope.net/resources/deep_dish/imgs/search_btn_bg.png]
[global.static.ghm.zope.net/resources/deep_dish/imgs/vert_icon_jobs.png]
[global.static.ghm.zope.net/resources/deep_dish/imgs/vert_icon_cars.png]
[global.static.ghm.zope.net/resources/deep_dish/imgs/vert_icon_homes.png]
[global.static.ghm.zope.net/resources/deep_dish/imgs/vert_icon_classifieds.png]
[global.static.ghm.zope.net/resources/deep_dish/imgs/vert_icon_subscribe.png]
[global.static.ghm.zope.net/resources/deep_dish/imgs/vert_icon_eedition.png]
[global.static.ghm.zope.net/resources/deep_dish/imgs/vert_icon_rf.png]
[global.static.ghm.zope.net/resources/deep_dish/logos/utica_logo.png]
[www.uticaod.com/living/x2146635165/MVCC-speaker-Diversity-is-not-noticing-the-differences0015.html]
[www.uticaod.com/living/x2146635165/MVCC-speaker-Diversity-is-not-noticing-the-differences0015.html]
[www.uticaod.com/archive/x1944400702/g12c000000000000000fe120ef2c7d29acb407bcf5fa3c19e9a66802585.jpg]
[www.uticaod.net/circulation/Subscribe_here_300x50.jpg]
[utica.static.ghm.zope.net/resources/rockford/style_images_v2/button_search_ipy.gif]
[global.static.ghm.zope.net/resources/deep_dish/imgs/icon_tools_print.png]
[global.static.ghm.zope.net/resources/deep_dish/imgs/icon_tools_comment.png]
[w.sharethis.com/button/buttons.js]
[w.sharethis.com/button/buttons.js]
[thumbnail.newsinc.com/23548834.jpg]
[thumbnail.newsinc.com/23548823.jpg]
[thumbnail.newsinc.com/23548782.jpg]
[thumbnail.newsinc.com/23548766.jpg]
[thumbnail.newsinc.com/23548747.jpg]
[edge.quantserve.com/quant.js]
[edge.quantserve.com/quant.js]
[pixel.quantserve.com/pixel/p-573scDfDoUH6o.gif]
[cm.npc-gatehouse.overture.com/partner/js/ypn.js]
[cm.npc-gatehouse.overture.com/partner/js/ypn.js]
[global.static.ghm.zope.net/resources/global/ghs_wa.js]
[pixel.quantserve.com/pixel/p-d1nbcz7ma4IDE.gif]
[c5.zedo.com/jsc/c5/fhs.js]
[c5.zedo.com/jsc/c5/fhs.js]
[global.static.ghm.zope.net/resources/deep_dish/imgs/break_bg.png]
[global.static.ghm.zope.net/resources/deep_dish/imgs/rel_bullet.png]
[global.static.ghm.zope.net/resources/deep_dish/imgs/bullet_page.png]
[global.static.ghm.zope.net/resources/deep_dish/imgs/bullet_link.png]
[global.static.ghm.zope.net/resources/deep_dish/imgs/bullet_camera.png]
[global.static.ghm.zope.net/resources/deep_dish/imgs/bullet_poll.png]
[global.static.ghm.zope.net/resources/deep_dish/imgs/bullet_ss.png]
[global.static.ghm.zope.net/resources/deep_dish/imgs/bullet_map.png]
[global.static.ghm.zope.net/resources/deep_dish/imgs/bullet_mp3.png]
[global.static.ghm.zope.net/resources/deep_dish/imgs/bullet_sidebar.png]
[global.static.ghm.zope.net/resources/deep_dish/imgs/bullet_video.png]
[global.static.ghm.zope.net/resources/deep_dish/imgs/bullet_zip.png]
[global.static.ghm.zope.net/resources/deep_dish/imgs/icon_addcomment.png]
[global.static.ghm.zope.net/resources/deep_dish/imgs/icon_printer.png]
[global.static.ghm.zope.net/resources/deep_dish/imgs/bullet_zoomin.png]
[global.static.ghm.zope.net/resources/deep_dish/imgs/bullet_zoomout.png]
[global.static.ghm.zope.net/resources/deep_dish/imgs/bullet_file_default.png]
[global.static.ghm.zope.net/resources/deep_dish/imgs/bullet_file_doc.png]
[global.static.ghm.zope.net/resources/deep_dish/imgs/bullet_file_xls.png]
[global.static.ghm.zope.net/resources/deep_dish/imgs/bullet_file_img.png]
[global.static.ghm.zope.net/resources/deep_dish/imgs/bullet_file_zip.png]
[global.static.ghm.zope.net/resources/deep_dish/imgs/bullet_file_pdf.png]
[global.static.ghm.zope.net/resources/deep_dish/imgs/bullet_file_ppt.png]
[global.static.ghm.zope.net/resources/deep_dish/imgs/spinner.gif]
[global.static.ghm.zope.net/resources/deep_dish/logos/radar_frog.gif]
[global.static.ghm.zope.net/resources/deep_dish/imgs/radarfrog-nav-btn.png]
[dv2.gatehousemedia.com/ugc/upload.png]
[dv2.gatehousemedia.com/ugc/clear.png]
[dv2.gatehousemedia.com/ugc/caption.png]
[test-site-3.static.ghm.zope.net/resources/rockford/style_images_v2/tl_logo_bg.gif]
[global.static.ghm.zope.net/resources/deep_dish/imgs/body_bg_white.png]
[global.static.ghm.zope.net/resources/deep_dish/imgs/nav_bg_grey.gif]
[global.static.ghm.zope.net/resources/deep_dish/imgs/nav_bg_grey_dark.gif]
[global.static.ghm.zope.net/resources/deep_dish/imgs/nav_bg_grey_dark_rev.gif]
[global.static.ghm.zope.net/resources/deep_dish/imgs/hotlink_bg_red.png]
[global.static.ghm.zope.net/resources/deep_dish/imgs/nav_bg_blue_dark.gif]
[global.static.ghm.zope.net/resources/deep_dish/imgs/nav_bg_blue_dark_rev.gif]
[global.static.ghm.zope.net/resources/global/images/loading-new.gif]
[global.static.ghm.zope.net/resources/global/images/story_tools_bg.gif]
[global.static.ghm.zope.net/resources/global/images/article_bg.gif]
[global.static.ghm.zope.net/resources/wickedlocal/images/report_abuse.gif]
[global.static.ghm.zope.net/resources/global/images/your_name.gif]
[global.static.ghm.zope.net/resources/global/images/your_comment.gif]
[global.static.ghm.zope.net/resources/global/images/your_email.gif]
[global.static.ghm.zope.net/resources/global/images/cross.png]
[global.static.ghm.zope.net/resources/global/images/help.png]
[global.static.ghm.zope.net/resources/global/images/bullet_key.png]
[ajax.googleapis.com/ajax/libs/jquery/1.5.2/jquery.min.js]
[s.ppjol.net/css/pp.css]
[e.yieldmanager.net/chunkPasser.html]
[www.uticaod.com/archive/x1944400702/g2e22e20000000000009499292d1901dbefab977aff71e86d0f7e048066.jpg]
[www.uticaod.com/archive/x1944400702/g05004b000000000000975f8c4f97f159641a18ad94be65be32ff6de1b5.jpg]
[apis.google.com/js/plusone.js]
[209.20.84.187/blankb1b5.gif]
[www.uticaod.com/living/x2146635165/3b__/4d.53.3a/index.html]
[www.uticaod.com/living/x2146635165/4d/index.html]
[s.ppjol.net/static/fb/fancybox.png]
[s.ppjol.net/static/fb/fancy_close.png]
[s.ppjol.net/static/fb/fancy_title_over.png]
[s.ppjol.net/static/fb/fancybox-x.png]
[s.ppjol.net/static/fb/blank.gif]
[s.ppjol.net/static/fb/fancybox-y.png]
[s.ppjol.net/static/fb/bottom-branding-bg.png]
[s.ppjol.net/static/fb/bottom-branding-powered-by.png]
[s.ppjol.net/static/fb/bottom-branding-privacy.png]
[s.ppjol.net/static/fb/fancy_loading.png]
[s.ppjol.net/static/fb/fancy_title_left.png]
[s.ppjol.net/static/fb/fancy_title_main.png]
[s.ppjol.net/static/fb/fancy_title_right.png]
[s.ppjol.net/static/fb/fancy_nav_left.png]
[s.ppjol.net/static/fb/fancy_nav_right.png]
[s.ppjol.net/static/fb/fancy_shadow_n.png]
[s.ppjol.net/static/fb/fancy_shadow_ne.png]
[s.ppjol.net/static/fb/fancy_shadow_e.png]
[s.ppjol.net/static/fb/fancy_shadow_se.png]
[s.ppjol.net/static/fb/fancy_shadow_s.png]
[s.ppjol.net/static/fb/fancy_shadow_sw.png]
[s.ppjol.net/static/fb/fancy_shadow_w.png]
[s.ppjol.net/static/fb/fancy_shadow_nw.png]
[s.ppjol.net/static/fb/pp_sign-in_button.png]
