[backblue.gif]
[fade.gif]
[index.html]
[www.cuatower.com/js/adGearSegmentation.js]
[www.cuatower.com/js/atlas.js]
[www.cuatower.com/js/site-min.js]
[www.cuatower.com/js/jquery-1.4.2.min.js]
[www.cuatower.com/js/all-jquery.js]
[www.cuatower.com/js/mtvi_y2m.js]
[www.cuatower.com/js/cp5_omnireport.js]
[admin.collegepublisher.com/polopoly_fs/7.154!/nye-sponsor.png]
[connect.facebook.net/en_US/all.js]
[platform.twitter.com/widgets.js]
[s7.addthis.com/js/250/addthis_widget.js]
[widgets.outbrain.com/lang_en.js]
[www.cuatower.com/polopoly_fs/1.1961762!/image/39171996.jpg_gen/derivatives/landscape_468/39171996.jpg]
[www.cuatower.com/polopoly_fs/1.1961762!/image/39171996.jpg_gen/derivatives/box_75/39171996.jpg]
[www.cuatower.com/polopoly_fs/1.1923220!/image/1796109871.jpg_gen/derivatives/landscape_468/1796109871.jpg]
[www.cuatower.com/polopoly_fs/1.1923220!/image/1796109871.jpg_gen/derivatives/box_75/1796109871.jpg]
[www.cuatower.com/polopoly_fs/1.1923264!/image/1628366507.jpg_gen/derivatives/landscape_468/1628366507.jpg]
[www.cuatower.com/polopoly_fs/1.1923264!/image/1628366507.jpg_gen/derivatives/box_75/1628366507.jpg]
[www.cuatower.com/polopoly_fs/1.1923319!/image/2802193682.jpg_gen/derivatives/landscape_468/2802193682.jpg]
[www.cuatower.com/polopoly_fs/1.1923319!/image/2802193682.jpg_gen/derivatives/box_75/2802193682.jpg]
[www.cuatower.com/polopoly_fs/1.1923321!/image/2206305160.JPG_gen/derivatives/landscape_468/2206305160.JPG]
[www.cuatower.com/polopoly_fs/1.1923321!/image/2206305160.JPG_gen/derivatives/box_75/2206305160.JPG]
[www.cuatower.com/polopoly_fs/1.1923322!/image/2064731961.JPG_gen/derivatives/landscape_468/2064731961.JPG]
[www.cuatower.com/polopoly_fs/1.1923322!/image/2064731961.JPG_gen/derivatives/box_75/2064731961.JPG]
[www.cuatower.com/polopoly_fs/1.1923324!/image/864518.JPG_gen/derivatives/landscape_468/864518.JPG]
[www.cuatower.com/polopoly_fs/1.1923324!/image/864518.JPG_gen/derivatives/box_75/864518.JPG]
[www.cuatower.com/polopoly_fs/1.1923323!/image/1030559926.JPG_gen/derivatives/landscape_468/1030559926.JPG]
[www.cuatower.com/polopoly_fs/1.1923323!/image/1030559926.JPG_gen/derivatives/box_75/1030559926.JPG]
[www.cuatower.com/polopoly_fs/1.1923325!/image/1202539478.JPG_gen/derivatives/landscape_468/1202539478.JPG]
[www.cuatower.com/polopoly_fs/1.1923326!/image/2060280422.JPG_gen/derivatives/landscape_468/2060280422.JPG]
[www.cuatower.com/polopoly_fs/1.1923326!/image/2060280422.JPG_gen/derivatives/box_75/2060280422.JPG]
[admin2.collegepublisher.com/polopoly_fs/7.107!cp5.png]
[admin2.collegepublisher.com/polopoly_fs/7.107!CMN-logo.png]
[admin2.collegepublisher.com/polopoly_fs/7.107!access-logo.png]
[admin2.collegepublisher.com/polopoly_fs/7.107!mtv.png]
[www.cuatower.com/l5c40.gif]
[www.cuatower.com/2.5299/speaker-matt-glowacki-discusses-predjudice-with-family-guy-1.html]
[www.cuatower.com/polopoly_fs/7.107!/cp-sprite.png]
[www.cuatower.com/polopoly_fs/7.107!/element-bg.gif]
[www.cuatower.com/se/cp.global.css]
[www.cuatower.com/se/template1.custom89e5.css]
[www.cuatower.com/2.5299/$m.local.html]
[connect.facebook.net/en_US/all.js]
[ajax.googleapis.com/ajax/libs/jquery/1.4.2/jquery.min.js]
[www.google-analytics.com/ga.js]
[s7.addthis.com/js/250/addthis_widget.js]
[widgets.outbrain.com/lang_en.js]
[api.tweetmeme.com/buttonc461.html]
[www.cuatower.com/l7b84.gif]
[www.cuatower.com/2.5299/come-see-naked-people-on-display-in-salve-regina-hall-1.html]
[www.cuatower.com/se/template1.custom.css]
[www.cuatower.com/2.5299/restserver.html]
[www.cuatower.com/2.5299/static/index.html]
[www.cuatower.com/2.5299/www.addthis.com/index.html]
[www.cuatower.com/2.5299/static/r07/sh32.html]
[www.cuatower.com/2.5299/static/r07/menu68.html]
[www.cuatower.com/2.5299/addthis_widget.html]
[zulu.tweetmeme.com/b.gif]
[zulu.tweetmeme.com/button_loader.gif]
[api.tweetmeme.com/buttonc461.html]
[www.cuatower.com/polopoly_fs/1.1923325!/image/1202539478.JPG_gen/derivatives/box_75/1202539478.JPG]
[www.cuatower.com/2.5299/static/r05/feed00.gif]
[zulu.tweetmeme.com/b.gif]
[zulu.tweetmeme.com/button_loader.gif]
[zulu.tweetmeme.com/button_ajax3.js]
